Archive member included to satisfy reference by file (symbol)

D:/toolchain/arm_none_eabi_gcc/xpack-arm-none-eabi-gcc-13.3.1-1.1/bin/../lib/gcc/arm-none-eabi/13.3.1/../../../../arm-none-eabi/lib/thumb/v7-m/nofp\libc_nano.a(libc_a-atexit.o)
                              D:/toolchain/arm_none_eabi_gcc/xpack-arm-none-eabi-gcc-13.3.1-1.1/bin/../lib/gcc/arm-none-eabi/13.3.1/../../../../arm-none-eabi/lib/thumb/v7-m/nofp/crt0.o (atexit)
D:/toolchain/arm_none_eabi_gcc/xpack-arm-none-eabi-gcc-13.3.1-1.1/bin/../lib/gcc/arm-none-eabi/13.3.1/../../../../arm-none-eabi/lib/thumb/v7-m/nofp\libc_nano.a(libc_a-exit.o)
                              D:/toolchain/arm_none_eabi_gcc/xpack-arm-none-eabi-gcc-13.3.1-1.1/bin/../lib/gcc/arm-none-eabi/13.3.1/../../../../arm-none-eabi/lib/thumb/v7-m/nofp/crt0.o (exit)
D:/toolchain/arm_none_eabi_gcc/xpack-arm-none-eabi-gcc-13.3.1-1.1/bin/../lib/gcc/arm-none-eabi/13.3.1/../../../../arm-none-eabi/lib/thumb/v7-m/nofp\libc_nano.a(libc_a-findfp.o)
                              D:/toolchain/arm_none_eabi_gcc/xpack-arm-none-eabi-gcc-13.3.1-1.1/bin/../lib/gcc/arm-none-eabi/13.3.1/../../../../arm-none-eabi/lib/thumb/v7-m/nofp\libc_nano.a(libc_a-exit.o) (__stdio_exit_handler)
D:/toolchain/arm_none_eabi_gcc/xpack-arm-none-eabi-gcc-13.3.1-1.1/bin/../lib/gcc/arm-none-eabi/13.3.1/../../../../arm-none-eabi/lib/thumb/v7-m/nofp\libc_nano.a(libc_a-fwalk.o)
                              D:/toolchain/arm_none_eabi_gcc/xpack-arm-none-eabi-gcc-13.3.1-1.1/bin/../lib/gcc/arm-none-eabi/13.3.1/../../../../arm-none-eabi/lib/thumb/v7-m/nofp\libc_nano.a(libc_a-findfp.o) (_fwalk_sglue)
D:/toolchain/arm_none_eabi_gcc/xpack-arm-none-eabi-gcc-13.3.1-1.1/bin/../lib/gcc/arm-none-eabi/13.3.1/../../../../arm-none-eabi/lib/thumb/v7-m/nofp\libc_nano.a(libc_a-stdio.o)
                              D:/toolchain/arm_none_eabi_gcc/xpack-arm-none-eabi-gcc-13.3.1-1.1/bin/../lib/gcc/arm-none-eabi/13.3.1/../../../../arm-none-eabi/lib/thumb/v7-m/nofp\libc_nano.a(libc_a-findfp.o) (__sread)
D:/toolchain/arm_none_eabi_gcc/xpack-arm-none-eabi-gcc-13.3.1-1.1/bin/../lib/gcc/arm-none-eabi/13.3.1/../../../../arm-none-eabi/lib/thumb/v7-m/nofp\libc_nano.a(libc_a-memset.o)
                              D:/toolchain/arm_none_eabi_gcc/xpack-arm-none-eabi-gcc-13.3.1-1.1/bin/../lib/gcc/arm-none-eabi/13.3.1/../../../../arm-none-eabi/lib/thumb/v7-m/nofp/crt0.o (memset)
D:/toolchain/arm_none_eabi_gcc/xpack-arm-none-eabi-gcc-13.3.1-1.1/bin/../lib/gcc/arm-none-eabi/13.3.1/../../../../arm-none-eabi/lib/thumb/v7-m/nofp\libc_nano.a(libc_a-closer.o)
                              D:/toolchain/arm_none_eabi_gcc/xpack-arm-none-eabi-gcc-13.3.1-1.1/bin/../lib/gcc/arm-none-eabi/13.3.1/../../../../arm-none-eabi/lib/thumb/v7-m/nofp\libc_nano.a(libc_a-stdio.o) (_close_r)
D:/toolchain/arm_none_eabi_gcc/xpack-arm-none-eabi-gcc-13.3.1-1.1/bin/../lib/gcc/arm-none-eabi/13.3.1/../../../../arm-none-eabi/lib/thumb/v7-m/nofp\libc_nano.a(libc_a-reent.o)
                              D:/toolchain/arm_none_eabi_gcc/xpack-arm-none-eabi-gcc-13.3.1-1.1/bin/../lib/gcc/arm-none-eabi/13.3.1/../../../../arm-none-eabi/lib/thumb/v7-m/nofp\libc_nano.a(libc_a-closer.o) (errno)
D:/toolchain/arm_none_eabi_gcc/xpack-arm-none-eabi-gcc-13.3.1-1.1/bin/../lib/gcc/arm-none-eabi/13.3.1/../../../../arm-none-eabi/lib/thumb/v7-m/nofp\libc_nano.a(libc_a-impure.o)
                              D:/toolchain/arm_none_eabi_gcc/xpack-arm-none-eabi-gcc-13.3.1-1.1/bin/../lib/gcc/arm-none-eabi/13.3.1/../../../../arm-none-eabi/lib/thumb/v7-m/nofp\libc_nano.a(libc_a-reent.o) (_impure_ptr)
D:/toolchain/arm_none_eabi_gcc/xpack-arm-none-eabi-gcc-13.3.1-1.1/bin/../lib/gcc/arm-none-eabi/13.3.1/../../../../arm-none-eabi/lib/thumb/v7-m/nofp\libc_nano.a(libc_a-lseekr.o)
                              D:/toolchain/arm_none_eabi_gcc/xpack-arm-none-eabi-gcc-13.3.1-1.1/bin/../lib/gcc/arm-none-eabi/13.3.1/../../../../arm-none-eabi/lib/thumb/v7-m/nofp\libc_nano.a(libc_a-stdio.o) (_lseek_r)
D:/toolchain/arm_none_eabi_gcc/xpack-arm-none-eabi-gcc-13.3.1-1.1/bin/../lib/gcc/arm-none-eabi/13.3.1/../../../../arm-none-eabi/lib/thumb/v7-m/nofp\libc_nano.a(libc_a-readr.o)
                              D:/toolchain/arm_none_eabi_gcc/xpack-arm-none-eabi-gcc-13.3.1-1.1/bin/../lib/gcc/arm-none-eabi/13.3.1/../../../../arm-none-eabi/lib/thumb/v7-m/nofp\libc_nano.a(libc_a-stdio.o) (_read_r)
D:/toolchain/arm_none_eabi_gcc/xpack-arm-none-eabi-gcc-13.3.1-1.1/bin/../lib/gcc/arm-none-eabi/13.3.1/../../../../arm-none-eabi/lib/thumb/v7-m/nofp\libc_nano.a(libc_a-writer.o)
                              D:/toolchain/arm_none_eabi_gcc/xpack-arm-none-eabi-gcc-13.3.1-1.1/bin/../lib/gcc/arm-none-eabi/13.3.1/../../../../arm-none-eabi/lib/thumb/v7-m/nofp\libc_nano.a(libc_a-stdio.o) (_write_r)
D:/toolchain/arm_none_eabi_gcc/xpack-arm-none-eabi-gcc-13.3.1-1.1/bin/../lib/gcc/arm-none-eabi/13.3.1/../../../../arm-none-eabi/lib/thumb/v7-m/nofp\libc_nano.a(libc_a-init.o)
[...]
Memory Configuration

Name             Origin             Length             Attributes
RAM              0x20000000         0x0000c000         xrw
FLASH            0x08000000         0x00040000         xr
*default*        0x00000000         0xffffffff

Linker script and memory map

LOAD D:/toolchain/arm_none_eabi_gcc/xpack-arm-none-eabi-gcc-13.3.1-1.1/bin/../lib/gcc/arm-none-eabi/13.3.1/thumb/v7-m/nofp/crti.o
LOAD D:/toolchain/arm_none_eabi_gcc/xpack-arm-none-eabi-gcc-13.3.1-1.1/bin/../lib/gcc/arm-none-eabi/13.3.1/thumb/v7-m/nofp/crtbegin.o
LOAD D:/toolchain/arm_none_eabi_gcc/xpack-arm-none-eabi-gcc-13.3.1-1.1/bin/../lib/gcc/arm-none-eabi/13.3.1/../../../../arm-none-eabi/lib/thumb/v7-m/nofp/crt0.o
START GROUP
LOAD D:/toolchain/arm_none_eabi_gcc/xpack-arm-none-eabi-gcc-13.3.1-1.1/bin/../lib/gcc/arm-none-eabi/13.3.1/../../../../arm-none-eabi/lib/thumb/v7-m/nofp\libc_nano.a
LOAD D:/toolchain/arm_none_eabi_gcc/xpack-arm-none-eabi-gcc-13.3.1-1.1/bin/../lib/gcc/arm-none-eabi/13.3.1/../../../../arm-none-eabi/lib/thumb/v7-m/nofp\libm.a
END GROUP
LOAD cmake/stm32cubemx/CMakeFiles/STM32_Drivers.dir/__/__/Core/Src/system_stm32f1xx.c.obj
LOAD cmake/stm32cubemx/CMakeFiles/STM32_Drivers.dir/__/__/Drivers/STM32F1xx_HAL_Driver/Src/stm32f1xx_hal_gpio_ex.c.obj
LOAD cmake/stm32cubemx/CMakeFiles/STM32_Drivers.dir/__/__/Drivers/STM32F1xx_HAL_Driver/Src/stm32f1xx_hal_can.c.obj
LOAD cmake/stm32cubemx/CMakeFiles/STM32_Drivers.dir/__/__/Drivers/STM32F1xx_HAL_Driver/Src/stm32f1xx_hal.c.obj
LOAD cmake/stm32cubemx/CMakeFiles/STM32_Drivers.dir/__/__/Drivers/STM32F1xx_HAL_Driver/Src/stm32f1xx_hal_rcc.c.obj
LOAD cmake/stm32cubemx/CMakeFiles/STM32_Drivers.dir/__/__/Drivers/STM32F1xx_HAL_Driver/Src/stm32f1xx_hal_rcc_ex.c.obj
LOAD cmake/stm32cubemx/CMakeFiles/STM32_Drivers.dir/__/__/Drivers/STM32F1xx_HAL_Driver/Src/stm32f1xx_hal_gpio.c.obj
LOAD cmake/stm32cubemx/CMakeFiles/STM32_Drivers.dir/__/__/Drivers/STM32F1xx_HAL_Driver/Src/stm32f1xx_hal_dma.c.obj
LOAD cmake/stm32cubemx/CMakeFiles/STM32_Drivers.dir/__/__/Drivers/STM32F1xx_HAL_Driver/Src/stm32f1xx_hal_cortex.c.obj
LOAD cmake/stm32cubemx/CMakeFiles/STM32_Drivers.dir/__/__/Drivers/STM32F1xx_HAL_Driver/Src/stm32f1xx_hal_pwr.c.obj
LOAD cmake/stm32cubemx/CMakeFiles/STM32_Drivers.dir/__/__/Drivers/STM32F1xx_HAL_Driver/Src/stm32f1xx_hal_flash.c.obj
LOAD cmake/stm32cubemx/CMakeFiles/STM32_Drivers.dir/__/__/Drivers/STM32F1xx_HAL_Driver/Src/stm32f1xx_hal_flash_ex.c.obj
LOAD cmake/stm32cubemx/CMakeFiles/STM32_Drivers.dir/__/__/Drivers/STM32F1xx_HAL_Driver/Src/stm32f1xx_hal_exti.c.obj
LOAD cmake/stm32cubemx/CMakeFiles/STM32_Drivers.dir/__/__/Drivers/STM32F1xx_HAL_Driver/Src/stm32f1xx_hal_tim.c.obj
LOAD cmake/stm32cubemx/CMakeFiles/STM32_Drivers.dir/__/__/Drivers/STM32F1xx_HAL_Driver/Src/stm32f1xx_hal_tim_ex.c.obj
LOAD CMakeFiles/Hand_Slaver.dir/Core/Src/main.c.obj
LOAD CMakeFiles/Hand_Slaver.dir/Core/Src/gpio.c.obj
LOAD CMakeFiles/Hand_Slaver.dir/Core/Src/can.c.obj
LOAD CMakeFiles/Hand_Slaver.dir/Core/Src/tim.c.obj
LOAD CMakeFiles/Hand_Slaver.dir/Core/Src/stm32f1xx_it.c.obj
LOAD CMakeFiles/Hand_Slaver.dir/Core/Src/stm32f1xx_hal_msp.c.obj
LOAD CMakeFiles/Hand_Slaver.dir/Core/Src/sysmem.c.obj
LOAD CMakeFiles/Hand_Slaver.dir/Core/Src/syscalls.c.obj
LOAD CMakeFiles/Hand_Slaver.dir/startup_stm32f103xe.s.obj
LOAD CMakeFiles/Hand_Slaver.dir/Bsp/can/bsp_can.c.obj
LOAD CMakeFiles/Hand_Slaver.dir/Bsp/encoder/bsp_encoder.c.obj
LOAD CMakeFiles/Hand_Slaver.dir/Bsp/led/bsp_led.c.obj
LOAD CMakeFiles/Hand_Slaver.dir/Bsp/motor/bsp_motor.c.obj
LOAD CMakeFiles/Hand_Slaver.dir/Utility/pid/pid.c.obj
LOAD CMakeFiles/Hand_Slaver.dir/Utility/timer/timer.c.obj
LOAD CMakeFiles/Hand_Slaver.dir/RTT/SEGGER_RTT.c.obj
LOAD CMakeFiles/Hand_Slaver.dir/RTT/SEGGER_RTT_printf.c.obj
START GROUP
LOAD D:/toolchain/arm_none_eabi_gcc/xpack-arm-none-eabi-gcc-13.3.1-1.1/bin/../lib/gcc/arm-none-eabi/13.3.1/thumb/v7-m/nofp\libgcc.a
LOAD D:/toolchain/arm_none_eabi_gcc/xpack-arm-none-eabi-gcc-13.3.1-1.1/bin/../lib/gcc/arm-none-eabi/13.3.1/../../../../arm-none-eabi/lib/thumb/v7-m/nofp\libg_nano.a
LOAD D:/toolchain/arm_none_eabi_gcc/xpack-arm-none-eabi-gcc-13.3.1-1.1/bin/../lib/gcc/arm-none-eabi/13.3.1/../../../../arm-none-eabi/lib/thumb/v7-m/nofp\libc_nano.a
END GROUP
START GROUP
LOAD D:/toolchain/arm_none_eabi_gcc/xpack-arm-none-eabi-gcc-13.3.1-1.1/bin/../lib/gcc/arm-none-eabi/13.3.1/thumb/v7-m/nofp\libgcc.a
LOAD D:/toolchain/arm_none_eabi_gcc/xpack-arm-none-eabi-gcc-13.3.1-1.1/bin/../lib/gcc/arm-none-eabi/13.3.1/../../../../arm-none-eabi/lib/thumb/v7-m/nofp\libc_nano.a
END GROUP
LOAD D:/toolchain/arm_none_eabi_gcc/xpack-arm-none-eabi-gcc-13.3.1-1.1/bin/../lib/gcc/arm-none-eabi/13.3.1/thumb/v7-m/nofp/crtend.o
LOAD D:/toolchain/arm_none_eabi_gcc/xpack-arm-none-eabi-gcc-13.3.1-1.1/bin/../lib/gcc/arm-none-eabi/13.3.1/thumb/v7-m/nofp/crtn.o
                0x2000c000                        _estack = (ORIGIN (RAM) + LENGTH (RAM))
                0x00000200                        _Min_Heap_Size = 0x200
                0x00000400                        _Min_Stack_Size = 0x400

.isr_vector     0x08000000      0x1e4
                0x08000000                        . = ALIGN (0x4)
 *(.isr_vector)
 .isr_vector    0x08000000      0x1e4 CMakeFiles/Hand_Slaver.dir/startup_stm32f103xe.s.obj
                0x08000000                g_pfnVectors
                0x080001e4                        . = ALIGN (0x4)

.text           0x080001e4     0x5404
                0x080001e4                        . = ALIGN (0x4)
 *(.text)
 .text          0x080001e4      0x168 D:/toolchain/arm_none_eabi_gcc/xpack-arm-none-eabi-gcc-13.3.1-1.1/bin/../lib/gcc/arm-none-eabi/13.3.1/thumb/v7-m/nofp\libgcc.a(_arm_mulsf3.o)
                0x080001e4                __aeabi_fmul
                0x080001e4                __mulsf3
 .text          0x0800034c      0x21c D:/toolchain/arm_none_eabi_gcc/xpack-arm-none-eabi-gcc-13.3.1-1.1/bin/../lib/gcc/arm-none-eabi/13.3.1/thumb/v7-m/nofp\libgcc.a(_arm_addsubsf3.o)
                0x0800034c                __aeabi_frsub
                0x08000354                __subsf3
                0x08000354                __aeabi_fsub
                0x08000358                __aeabi_fadd
                0x08000358                __addsf3
                0x080004b8                __aeabi_ui2f
                0x080004b8                __floatunsisf
                0x080004c0                __aeabi_i2f
                0x080004c0                __floatsisf
                0x080004dc                __aeabi_ul2f
                0x080004dc                __floatundisf
                0x080004ec                __aeabi_l2f
                0x080004ec                __floatdisf
 .text          0x08000568       0xec D:/toolchain/arm_none_eabi_gcc/xpack-arm-none-eabi-gcc-13.3.1-1.1/bin/../lib/gcc/arm-none-eabi/13.3.1/thumb/v7-m/nofp\libgcc.a(_arm_cmpsf2.o)
                0x08000568                __gesf2
                0x08000568                __gtsf2
                0x08000570                __lesf2
                0x08000570                __ltsf2
                0x08000578                __nesf2
                0x08000578                __eqsf2
                0x08000578                __cmpsf2
                0x080005d8                __aeabi_cfrcmple
                0x080005e0                __aeabi_cfcmpeq
                0x080005e0                __aeabi_cfcmple
                0x080005f0                __aeabi_fcmpeq
                0x08000604                __aeabi_fcmplt
                0x08000618                __aeabi_fcmple
                0x0800062c                __aeabi_fcmpge
                0x08000640                __aeabi_fcmpgt
 .text          0x08000654       0x4c D:/toolchain/arm_none_eabi_gcc/xpack-arm-none-eabi-gcc-13.3.1-1.1/bin/../lib/gcc/arm-none-eabi/13.3.1/thumb/v7-m/nofp\libgcc.a(_arm_fixsfsi.o)
                0x08000654                __aeabi_f2iz
                0x08000654                __fixsfsi
 .text          0x080006a0       0x40 D:/toolchain/arm_none_eabi_gcc/xpack-arm-none-eabi-gcc-13.3.1-1.1/bin/../lib/gcc/arm-none-eabi/13.3.1/thumb/v7-m/nofp\libgcc.a(_arm_fixunssfsi.o)
                0x080006a0                __fixunssfsi
                0x080006a0                __aeabi_f2uiz
 *(.text*)
 .text.__do_global_dtors_aux
                0x080006e0       0x24 D:/toolchain/arm_none_eabi_gcc/xpack-arm-none-eabi-gcc-13.3.1-1.1/bin/../lib/gcc/arm-none-eabi/13.3.1/thumb/v7-m/nofp/crtbegin.o
 .text.frame_dummy
                0x08000704       0x1c D:/toolchain/arm_none_eabi_gcc/xpack-arm-none-eabi-gcc-13.3.1-1.1/bin/../lib/gcc/arm-none-eabi/13.3.1/thumb/v7-m/nofp/crtbegin.o
 .text.memset   0x08000720       0x10 D:/toolchain/arm_none_eabi_gcc/xpack-arm-none-eabi-gcc-13.3.1-1.1/bin/../lib/gcc/arm-none-eabi/13.3.1/../../../../arm-none-eabi/lib/thumb/v7-m/nofp\libc_nano.a(libc_a-memset.o)
                0x08000720                memset
 .text.__libc_init_array
                0x08000730       0x48 D:/toolchain/arm_none_eabi_gcc/xpack-arm-none-eabi-gcc-13.3.1-1.1/bin/../lib/gcc/arm-none-eabi/13.3.1/../../../../arm-none-eabi/lib/thumb/v7-m/nofp\libc_nano.a(libc_a-init.o)
                0x08000730                __libc_init_array
 .text.SystemInit
                0x08000778        0xc cmake/stm32cubemx/CMakeFiles/STM32_Drivers.dir/__/__/Core/Src/system_stm32f1xx.c.obj
                0x08000778                SystemInit
 .text.HAL_CAN_Init
                0x08000784      0x1f6 cmake/stm32cubemx/CMakeFiles/STM32_Drivers.dir/__/__/Drivers/STM32F1xx_HAL_Driver/Src/stm32f1xx_hal_can.c.obj
                0x08000784                HAL_CAN_Init
 .text.HAL_CAN_ConfigFilter
                0x0800097a      0x192 cmake/stm32cubemx/CMakeFiles/STM32_Drivers.dir/__/__/Drivers/STM32F1xx_HAL_Driver/Src/stm32f1xx_hal_can.c.obj
                0x0800097a                HAL_CAN_ConfigFilter
 .text.HAL_CAN_Start
                0x08000b0c       0x88 cmake/stm32cubemx/CMakeFiles/STM32_Drivers.dir/__/__/Drivers/STM32F1xx_HAL_Driver/Src/stm32f1xx_hal_can.c.obj
                0x08000b0c                HAL_CAN_Start
 .text.HAL_CAN_GetRxMessage
                0x08000b94      0x242 cmake/stm32cubemx/CMakeFiles/STM32_Drivers.dir/__/__/Drivers/STM32F1xx_HAL_Driver/Src/stm32f1xx_hal_can.c.obj
                0x08000b94                HAL_CAN_GetRxMessage
 .text.HAL_CAN_ActivateNotification
                0x08000dd6       0x4a cmake/stm32cubemx/CMakeFiles/STM32_Drivers.dir/__/__/Drivers/STM32F1xx_HAL_Driver/Src/stm32f1xx_hal_can.c.obj
                0x08000dd6                HAL_CAN_ActivateNotification
 .text.HAL_CAN_IRQHandler
                0x08000e20      0x36e cmake/stm32cubemx/CMakeFiles/STM32_Drivers.dir/__/__/Drivers/STM32F1xx_HAL_Driver/Src/stm32f1xx_hal_can.c.obj
                0x08000e20                HAL_CAN_IRQHandler
 .text.HAL_CAN_TxMailbox0CompleteCallback
                0x0800118e       0x12 cmake/stm32cubemx/CMakeFiles/STM32_Drivers.dir/__/__/Drivers/STM32F1xx_HAL_Driver/Src/stm32f1xx_hal_can.c.obj
                0x0800118e                HAL_CAN_TxMailbox0CompleteCallback
 .text.HAL_CAN_TxMailbox1CompleteCallback
                0x080011a0       0x12 cmake/stm32cubemx/CMakeFiles/STM32_Drivers.dir/__/__/Drivers/STM32F1xx_HAL_Driver/Src/stm32f1xx_hal_can.c.obj
                0x080011a0                HAL_CAN_TxMailbox1CompleteCallback
 .text.HAL_CAN_TxMailbox2CompleteCallback
                0x080011b2       0x12 cmake/stm32cubemx/CMakeFiles/STM32_Drivers.dir/__/__/Drivers/STM32F1xx_HAL_Driver/Src/stm32f1xx_hal_can.c.obj
                0x080011b2                HAL_CAN_TxMailbox2CompleteCallback
 .text.HAL_CAN_TxMailbox0AbortCallback
                0x080011c4       0x12 cmake/stm32cubemx/CMakeFiles/STM32_Drivers.dir/__/__/Drivers/STM32F1xx_HAL_Driver/Src/stm32f1xx_hal_can.c.obj
                0x080011c4                HAL_CAN_TxMailbox0AbortCallback
 .text.HAL_CAN_TxMailbox1AbortCallback
                0x080011d6       0x12 cmake/stm32cubemx/CMakeFiles/STM32_Drivers.dir/__/__/Drivers/STM32F1xx_HAL_Driver/Src/stm32f1xx_hal_can.c.obj
                0x080011d6                HAL_CAN_TxMailbox1AbortCallback
 .text.HAL_CAN_TxMailbox2AbortCallback
                0x080011e8       0x12 cmake/stm32cubemx/CMakeFiles/STM32_Drivers.dir/__/__/Drivers/STM32F1xx_HAL_Driver/Src/stm32f1xx_hal_can.c.obj
                0x080011e8                HAL_CAN_TxMailbox2AbortCallback
 .text.HAL_CAN_RxFifo0FullCallback
                0x080011fa       0x12 cmake/stm32cubemx/CMakeFiles/STM32_Drivers.dir/__/__/Drivers/STM32F1xx_HAL_Driver/Src/stm32f1xx_hal_can.c.obj
                0x080011fa                HAL_CAN_RxFifo0FullCallback
 .text.HAL_CAN_RxFifo1MsgPendingCallback
                0x0800120c       0x12 cmake/stm32cubemx/CMakeFiles/STM32_Drivers.dir/__/__/Drivers/STM32F1xx_HAL_Driver/Src/stm32f1xx_hal_can.c.obj
                0x0800120c                HAL_CAN_RxFifo1MsgPendingCallback
 .text.HAL_CAN_RxFifo1FullCallback
                0x0800121e       0x12 cmake/stm32cubemx/CMakeFiles/STM32_Drivers.dir/__/__/Drivers/STM32F1xx_HAL_Driver/Src/stm32f1xx_hal_can.c.obj
                0x0800121e                HAL_CAN_RxFifo1FullCallback
 .text.HAL_CAN_SleepCallback
                0x08001230       0x12 cmake/stm32cubemx/CMakeFiles/STM32_Drivers.dir/__/__/Drivers/STM32F1xx_HAL_Driver/Src/stm32f1xx_hal_can.c.obj
                0x08001230                HAL_CAN_SleepCallback
 .text.HAL_CAN_WakeUpFromRxMsgCallback
                0x08001242       0x12 cmake/stm32cubemx/CMakeFiles/STM32_Drivers.dir/__/__/Drivers/STM32F1xx_HAL_Driver/Src/stm32f1xx_hal_can.c.obj
                0x08001242                HAL_CAN_WakeUpFromRxMsgCallback
 .text.HAL_CAN_ErrorCallback
                0x08001254       0x12 cmake/stm32cubemx/CMakeFiles/STM32_Drivers.dir/__/__/Drivers/STM32F1xx_HAL_Driver/Src/stm32f1xx_hal_can.c.obj
                0x08001254                HAL_CAN_ErrorCallback
 .text.HAL_CAN_ResetError
                0x08001266       0x44 cmake/stm32cubemx/CMakeFiles/STM32_Drivers.dir/__/__/Drivers/STM32F1xx_HAL_Driver/Src/stm32f1xx_hal_can.c.obj
                0x08001266                HAL_CAN_ResetError
 *fill*         0x080012aa        0x2 
 .text.HAL_Init
                0x080012ac       0x2c cmake/stm32cubemx/CMakeFiles/STM32_Drivers.dir/__/__/Drivers/STM32F1xx_HAL_Driver/Src/stm32f1xx_hal.c.obj
                0x080012ac                HAL_Init
 .text.HAL_InitTick
                0x080012d8       0x60 cmake/stm32cubemx/CMakeFiles/STM32_Drivers.dir/__/__/Drivers/STM32F1xx_HAL_Driver/Src/stm32f1xx_hal.c.obj
                0x080012d8                HAL_InitTick
 .text.HAL_IncTick
                0x08001338       0x24 cmake/stm32cubemx/CMakeFiles/STM32_Drivers.dir/__/__/Drivers/STM32F1xx_HAL_Driver/Src/stm32f1xx_hal.c.obj
                0x08001338                HAL_IncTick
 .text.HAL_GetTick
                0x0800135c       0x14 cmake/stm32cubemx/CMakeFiles/STM32_Drivers.dir/__/__/Drivers/STM32F1xx_HAL_Driver/Src/stm32f1xx_hal.c.obj
                0x0800135c                HAL_GetTick
 .text.HAL_Delay
                0x08001370       0x48 cmake/stm32cubemx/CMakeFiles/STM32_Drivers.dir/__/__/Drivers/STM32F1xx_HAL_Driver/Src/stm32f1xx_hal.c.obj
                0x08001370                HAL_Delay
 .text.HAL_RCC_OscConfig
                0x080013b8      0x504 cmake/stm32cubemx/CMakeFiles/STM32_Drivers.dir/__/__/Drivers/STM32F1xx_HAL_Driver/Src/stm32f1xx_hal_rcc.c.obj
                0x080013b8                HAL_RCC_OscConfig
 .text.HAL_RCC_ClockConfig
                0x080018bc      0x1d4 cmake/stm32cubemx/CMakeFiles/STM32_Drivers.dir/__/__/Drivers/STM32F1xx_HAL_Driver/Src/stm32f1xx_hal_rcc.c.obj
                0x080018bc                HAL_RCC_ClockConfig
 .text.HAL_RCC_GetSysClockFreq
                0x08001a90       0xa8 cmake/stm32cubemx/CMakeFiles/STM32_Drivers.dir/__/__/Drivers/STM32F1xx_HAL_Driver/Src/stm32f1xx_hal_rcc.c.obj
                0x08001a90                HAL_RCC_GetSysClockFreq
 .text.RCC_Delay
                0x08001b38       0x3c cmake/stm32cubemx/CMakeFiles/STM32_Drivers.dir/__/__/Drivers/STM32F1xx_HAL_Driver/Src/stm32f1xx_hal_rcc.c.obj
 .text.HAL_GPIO_Init
                0x08001b74      0x328 cmake/stm32cubemx/CMakeFiles/STM32_Drivers.dir/__/__/Drivers/STM32F1xx_HAL_Driver/Src/stm32f1xx_hal_gpio.c.obj
                0x08001b74                HAL_GPIO_Init
 .text.HAL_GPIO_WritePin
                0x08001e9c       0x30 cmake/stm32cubemx/CMakeFiles/STM32_Drivers.dir/__/__/Drivers/STM32F1xx_HAL_Driver/Src/stm32f1xx_hal_gpio.c.obj
                0x08001e9c                HAL_GPIO_WritePin
 .text.HAL_GPIO_TogglePin
                0x08001ecc       0x32 cmake/stm32cubemx/CMakeFiles/STM32_Drivers.dir/__/__/Drivers/STM32F1xx_HAL_Driver/Src/stm32f1xx_hal_gpio.c.obj
                0x08001ecc                HAL_GPIO_TogglePin
 *fill*         0x08001efe        0x2 
 .text.__NVIC_SetPriorityGrouping
                0x08001f00       0x48 cmake/stm32cubemx/CMakeFiles/STM32_Drivers.dir/__/__/Drivers/STM32F1xx_HAL_Driver/Src/stm32f1xx_hal_cortex.c.obj
 .text.__NVIC_GetPriorityGrouping
                0x08001f48       0x1c cmake/stm32cubemx/CMakeFiles/STM32_Drivers.dir/__/__/Drivers/STM32F1xx_HAL_Driver/Src/stm32f1xx_hal_cortex.c.obj
 .text.__NVIC_EnableIRQ
                0x08001f64       0x38 cmake/stm32cubemx/CMakeFiles/STM32_Drivers.dir/__/__/Drivers/STM32F1xx_HAL_Driver/Src/stm32f1xx_hal_cortex.c.obj
 .text.__NVIC_SetPriority
                0x08001f9c       0x54 cmake/stm32cubemx/CMakeFiles/STM32_Drivers.dir/__/__/Drivers/STM32F1xx_HAL_Driver/Src/stm32f1xx_hal_cortex.c.obj
 .text.NVIC_EncodePriority
                0x08001ff0       0x64 cmake/stm32cubemx/CMakeFiles/STM32_Drivers.dir/__/__/Drivers/STM32F1xx_HAL_Driver/Src/stm32f1xx_hal_cortex.c.obj
 .text.SysTick_Config
                0x08002054       0x44 cmake/stm32cubemx/CMakeFiles/STM32_Drivers.dir/__/__/Drivers/STM32F1xx_HAL_Driver/Src/stm32f1xx_hal_cortex.c.obj
 .text.HAL_NVIC_SetPriorityGrouping
                0x08002098       0x16 cmake/stm32cubemx/CMakeFiles/STM32_Drivers.dir/__/__/Drivers/STM32F1xx_HAL_Driver/Src/stm32f1xx_hal_cortex.c.obj
                0x08002098                HAL_NVIC_SetPriorityGrouping
 .text.HAL_NVIC_SetPriority
                0x080020ae       0x38 cmake/stm32cubemx/CMakeFiles/STM32_Drivers.dir/__/__/Drivers/STM32F1xx_HAL_Driver/Src/stm32f1xx_hal_cortex.c.obj
                0x080020ae                HAL_NVIC_SetPriority
 .text.HAL_NVIC_EnableIRQ
                0x080020e6       0x1c cmake/stm32cubemx/CMakeFiles/STM32_Drivers.dir/__/__/Drivers/STM32F1xx_HAL_Driver/Src/stm32f1xx_hal_cortex.c.obj
                0x080020e6                HAL_NVIC_EnableIRQ
 .text.HAL_SYSTICK_Config
                0x08002102       0x18 cmake/stm32cubemx/CMakeFiles/STM32_Drivers.dir/__/__/Drivers/STM32F1xx_HAL_Driver/Src/stm32f1xx_hal_cortex.c.obj
                0x08002102                HAL_SYSTICK_Config
 .text.HAL_TIM_Base_Init
                0x0800211a       0x9e cmake/stm32cubemx/CMakeFiles/STM32_Drivers.dir/__/__/Drivers/STM32F1xx_HAL_Driver/Src/stm32f1xx_hal_tim.c.obj
                0x0800211a                HAL_TIM_Base_Init
 .text.HAL_TIM_Base_Start_IT
                0x080021b8       0xc0 cmake/stm32cubemx/CMakeFiles/STM32_Drivers.dir/__/__/Drivers/STM32F1xx_HAL_Driver/Src/stm32f1xx_hal_tim.c.obj
                0x080021b8                HAL_TIM_Base_Start_IT
 .text.HAL_TIM_PWM_Init
                0x08002278       0x9e cmake/stm32cubemx/CMakeFiles/STM32_Drivers.dir/__/__/Drivers/STM32F1xx_HAL_Driver/Src/stm32f1xx_hal_tim.c.obj
                0x08002278                HAL_TIM_PWM_Init
 .text.HAL_TIM_PWM_MspInit
                0x08002316       0x12 cmake/stm32cubemx/CMakeFiles/STM32_Drivers.dir/__/__/Drivers/STM32F1xx_HAL_Driver/Src/stm32f1xx_hal_tim.c.obj
                0x08002316                HAL_TIM_PWM_MspInit
 .text.HAL_TIM_PWM_Start
                0x08002328      0x174 cmake/stm32cubemx/CMakeFiles/STM32_Drivers.dir/__/__/Drivers/STM32F1xx_HAL_Driver/Src/stm32f1xx_hal_tim.c.obj
                0x08002328                HAL_TIM_PWM_Start
 .text.HAL_TIM_Encoder_Init
                0x0800249c      0x144 cmake/stm32cubemx/CMakeFiles/STM32_Drivers.dir/__/__/Drivers/STM32F1xx_HAL_Driver/Src/stm32f1xx_hal_tim.c.obj
                0x0800249c                HAL_TIM_Encoder_Init
 .text.HAL_TIM_Encoder_Start
                0x080025e0      0x11c cmake/stm32cubemx/CMakeFiles/STM32_Drivers.dir/__/__/Drivers/STM32F1xx_HAL_Driver/Src/stm32f1xx_hal_tim.c.obj
                0x080025e0                HAL_TIM_Encoder_Start
 .text.HAL_TIM_IRQHandler
                0x080026fc      0x1e0 cmake/stm32cubemx/CMakeFiles/STM32_Drivers.dir/__/__/Drivers/STM32F1xx_HAL_Driver/Src/stm32f1xx_hal_tim.c.obj
                0x080026fc                HAL_TIM_IRQHandler
 .text.HAL_TIM_PWM_ConfigChannel
                0x080028dc      0x184 cmake/stm32cubemx/CMakeFiles/STM32_Drivers.dir/__/__/Drivers/STM32F1xx_HAL_Driver/Src/stm32f1xx_hal_tim.c.obj
                0x080028dc                HAL_TIM_PWM_ConfigChannel
 .text.HAL_TIM_ConfigClockSource
                0x08002a60      0x18e cmake/stm32cubemx/CMakeFiles/STM32_Drivers.dir/__/__/Drivers/STM32F1xx_HAL_Driver/Src/stm32f1xx_hal_tim.c.obj
                0x08002a60                HAL_TIM_ConfigClockSource
 .text.HAL_TIM_OC_DelayElapsedCallback
                0x08002bee       0x12 cmake/stm32cubemx/CMakeFiles/STM32_Drivers.dir/__/__/Drivers/STM32F1xx_HAL_Driver/Src/stm32f1xx_hal_tim.c.obj
                0x08002bee                HAL_TIM_OC_DelayElapsedCallback
 .text.HAL_TIM_IC_CaptureCallback
                0x08002c00       0x12 cmake/stm32cubemx/CMakeFiles/STM32_Drivers.dir/__/__/Drivers/STM32F1xx_HAL_Driver/Src/stm32f1xx_hal_tim.c.obj
                0x08002c00                HAL_TIM_IC_CaptureCallback
 .text.HAL_TIM_PWM_PulseFinishedCallback
                0x08002c12       0x12 cmake/stm32cubemx/CMakeFiles/STM32_Drivers.dir/__/__/Drivers/STM32F1xx_HAL_Driver/Src/stm32f1xx_hal_tim.c.obj
                0x08002c12                HAL_TIM_PWM_PulseFinishedCallback
 .text.HAL_TIM_TriggerCallback
                0x08002c24       0x12 cmake/stm32cubemx/CMakeFiles/STM32_Drivers.dir/__/__/Drivers/STM32F1xx_HAL_Driver/Src/stm32f1xx_hal_tim.c.obj
                0x08002c24                HAL_TIM_TriggerCallback
 *fill*         0x08002c36        0x2 
 .text.TIM_Base_SetConfig
                0x08002c38      0x10c cmake/stm32cubemx/CMakeFiles/STM32_Drivers.dir/__/__/Drivers/STM32F1xx_HAL_Driver/Src/stm32f1xx_hal_tim.c.obj
                0x08002c38                TIM_Base_SetConfig
 .text.TIM_OC1_SetConfig
                0x08002d44       0xe0 cmake/stm32cubemx/CMakeFiles/STM32_Drivers.dir/__/__/Drivers/STM32F1xx_HAL_Driver/Src/stm32f1xx_hal_tim.c.obj
 .text.TIM_OC2_SetConfig
                0x08002e24       0xe8 cmake/stm32cubemx/CMakeFiles/STM32_Drivers.dir/__/__/Drivers/STM32F1xx_HAL_Driver/Src/stm32f1xx_hal_tim.c.obj
                0x08002e24                TIM_OC2_SetConfig
 .text.TIM_OC3_SetConfig
                0x08002f0c       0xe8 cmake/stm32cubemx/CMakeFiles/STM32_Drivers.dir/__/__/Drivers/STM32F1xx_HAL_Driver/Src/stm32f1xx_hal_tim.c.obj
 .text.TIM_OC4_SetConfig
                0x08002ff4       0xa8 cmake/stm32cubemx/CMakeFiles/STM32_Drivers.dir/__/__/Drivers/STM32F1xx_HAL_Driver/Src/stm32f1xx_hal_tim.c.obj
 .text.TIM_TI1_ConfigInputStage
                0x0800309c       0x5c cmake/stm32cubemx/CMakeFiles/STM32_Drivers.dir/__/__/Drivers/STM32F1xx_HAL_Driver/Src/stm32f1xx_hal_tim.c.obj
 .text.TIM_TI2_ConfigInputStage
                0x080030f8       0x5e cmake/stm32cubemx/CMakeFiles/STM32_Drivers.dir/__/__/Drivers/STM32F1xx_HAL_Driver/Src/stm32f1xx_hal_tim.c.obj
 .text.TIM_ITRx_SetConfig
                0x08003156       0x34 cmake/stm32cubemx/CMakeFiles/STM32_Drivers.dir/__/__/Drivers/STM32F1xx_HAL_Driver/Src/stm32f1xx_hal_tim.c.obj
 .text.TIM_ETR_SetConfig
                0x0800318a       0x3e cmake/stm32cubemx/CMakeFiles/STM32_Drivers.dir/__/__/Drivers/STM32F1xx_HAL_Driver/Src/stm32f1xx_hal_tim.c.obj
                0x0800318a                TIM_ETR_SetConfig
 .text.TIM_CCxChannelCmd
                0x080031c8       0x48 cmake/stm32cubemx/CMakeFiles/STM32_Drivers.dir/__/__/Drivers/STM32F1xx_HAL_Driver/Src/stm32f1xx_hal_tim.c.obj
                0x080031c8                TIM_CCxChannelCmd
 .text.HAL_TIMEx_MasterConfigSynchronization
                0x08003210       0xd8 cmake/stm32cubemx/CMakeFiles/STM32_Drivers.dir/__/__/Drivers/STM32F1xx_HAL_Driver/Src/stm32f1xx_hal_tim_ex.c.obj
                0x08003210                HAL_TIMEx_MasterConfigSynchronization
 .text.HAL_TIMEx_ConfigBreakDeadTime
                0x080032e8       0xa2 cmake/stm32cubemx/CMakeFiles/STM32_Drivers.dir/__/__/Drivers/STM32F1xx_HAL_Driver/Src/stm32f1xx_hal_tim_ex.c.obj
                0x080032e8                HAL_TIMEx_ConfigBreakDeadTime
 .text.HAL_TIMEx_CommutCallback
                0x0800338a       0x12 cmake/stm32cubemx/CMakeFiles/STM32_Drivers.dir/__/__/Drivers/STM32F1xx_HAL_Driver/Src/stm32f1xx_hal_tim_ex.c.obj
                0x0800338a                HAL_TIMEx_CommutCallback
 .text.HAL_TIMEx_BreakCallback
                0x0800339c       0x12 cmake/stm32cubemx/CMakeFiles/STM32_Drivers.dir/__/__/Drivers/STM32F1xx_HAL_Driver/Src/stm32f1xx_hal_tim_ex.c.obj
                0x0800339c                HAL_TIMEx_BreakCallback
 .text.main     0x080033ae       0x5a CMakeFiles/Hand_Slaver.dir/Core/Src/main.c.obj
                0x080033ae                main
 .text.SystemClock_Config
                0x08003408       0x8a CMakeFiles/Hand_Slaver.dir/Core/Src/main.c.obj
                0x08003408                SystemClock_Config
 .text.Error_Handler
                0x08003492        0xc CMakeFiles/Hand_Slaver.dir/Core/Src/main.c.obj
                0x08003492                Error_Handler
 *fill*         0x0800349e        0x2 
 .text.MX_GPIO_Init
                0x080034a0       0xac CMakeFiles/Hand_Slaver.dir/Core/Src/gpio.c.obj
                0x080034a0                MX_GPIO_Init
 .text.MX_CAN_Init
                0x0800354c       0x6c CMakeFiles/Hand_Slaver.dir/Core/Src/can.c.obj
                0x0800354c                MX_CAN_Init
 .text.HAL_CAN_MspInit
                0x080035b8       0xa8 CMakeFiles/Hand_Slaver.dir/Core/Src/can.c.obj
                0x080035b8                HAL_CAN_MspInit
 .text.MX_TIM1_Init
                0x08003660       0xb0 CMakeFiles/Hand_Slaver.dir/Core/Src/tim.c.obj
                0x08003660                MX_TIM1_Init
 .text.MX_TIM2_Init
                0x08003710       0xa8 CMakeFiles/Hand_Slaver.dir/Core/Src/tim.c.obj
                0x08003710                MX_TIM2_Init
 .text.MX_TIM3_Init
                0x080037b8       0xa8 CMakeFiles/Hand_Slaver.dir/Core/Src/tim.c.obj
                0x080037b8                MX_TIM3_Init
 .text.MX_TIM4_Init
                0x08003860      0x100 CMakeFiles/Hand_Slaver.dir/Core/Src/tim.c.obj
                0x08003860                MX_TIM4_Init
 .text.MX_TIM5_Init
                0x08003960      0x100 CMakeFiles/Hand_Slaver.dir/Core/Src/tim.c.obj
                0x08003960                MX_TIM5_Init
 .text.MX_TIM6_Init
                0x08003a60       0x6c CMakeFiles/Hand_Slaver.dir/Core/Src/tim.c.obj
                0x08003a60                MX_TIM6_Init
 .text.MX_TIM8_Init
                0x08003acc      0x158 CMakeFiles/Hand_Slaver.dir/Core/Src/tim.c.obj
                0x08003acc                MX_TIM8_Init
 .text.HAL_TIM_Encoder_MspInit
                0x08003c24      0x188 CMakeFiles/Hand_Slaver.dir/Core/Src/tim.c.obj
                0x08003c24                HAL_TIM_Encoder_MspInit
 .text.HAL_TIM_Base_MspInit
                0x08003dac       0xc4 CMakeFiles/Hand_Slaver.dir/Core/Src/tim.c.obj
                0x08003dac                HAL_TIM_Base_MspInit
 .text.HAL_TIM_MspPostInit
                0x08003e70       0xec CMakeFiles/Hand_Slaver.dir/Core/Src/tim.c.obj
                0x08003e70                HAL_TIM_MspPostInit
 .text.NMI_Handler
                0x08003f5c        0x8 CMakeFiles/Hand_Slaver.dir/Core/Src/stm32f1xx_it.c.obj
                0x08003f5c                NMI_Handler
 .text.HardFault_Handler
                0x08003f64        0x8 CMakeFiles/Hand_Slaver.dir/Core/Src/stm32f1xx_it.c.obj
                0x08003f64                HardFault_Handler
 .text.MemManage_Handler
                0x08003f6c        0x8 CMakeFiles/Hand_Slaver.dir/Core/Src/stm32f1xx_it.c.obj
                0x08003f6c                MemManage_Handler
 .text.BusFault_Handler
                0x08003f74        0x8 CMakeFiles/Hand_Slaver.dir/Core/Src/stm32f1xx_it.c.obj
                0x08003f74                BusFault_Handler
 .text.UsageFault_Handler
                0x08003f7c        0x8 CMakeFiles/Hand_Slaver.dir/Core/Src/stm32f1xx_it.c.obj
                0x08003f7c                UsageFault_Handler
 .text.SVC_Handler
                0x08003f84        0xc CMakeFiles/Hand_Slaver.dir/Core/Src/stm32f1xx_it.c.obj
                0x08003f84                SVC_Handler
 .text.DebugMon_Handler
                0x08003f90        0xc CMakeFiles/Hand_Slaver.dir/Core/Src/stm32f1xx_it.c.obj
                0x08003f90                DebugMon_Handler
 .text.PendSV_Handler
                0x08003f9c        0xc CMakeFiles/Hand_Slaver.dir/Core/Src/stm32f1xx_it.c.obj
                0x08003f9c                PendSV_Handler
 .text.SysTick_Handler
                0x08003fa8        0xc CMakeFiles/Hand_Slaver.dir/Core/Src/stm32f1xx_it.c.obj
                0x08003fa8                SysTick_Handler
 .text.USB_LP_CAN1_RX0_IRQHandler
                0x08003fb4       0x14 CMakeFiles/Hand_Slaver.dir/Core/Src/stm32f1xx_it.c.obj
                0x08003fb4                USB_LP_CAN1_RX0_IRQHandler
 .text.TIM6_IRQHandler
                0x08003fc8       0x14 CMakeFiles/Hand_Slaver.dir/Core/Src/stm32f1xx_it.c.obj
                0x08003fc8                TIM6_IRQHandler
 .text.HAL_MspInit
                0x08003fdc       0x64 CMakeFiles/Hand_Slaver.dir/Core/Src/stm32f1xx_hal_msp.c.obj
                0x08003fdc                HAL_MspInit
 .text.Reset_Handler
                0x08004040       0x48 CMakeFiles/Hand_Slaver.dir/startup_stm32f103xe.s.obj
                0x08004040                Reset_Handler
 .text.Default_Handler
                0x08004088        0x2 CMakeFiles/Hand_Slaver.dir/startup_stm32f103xe.s.obj
                0x08004088                RTC_Alarm_IRQHandler
                0x08004088                EXTI2_IRQHandler
                0x08004088                TIM8_TRG_COM_IRQHandler
                0x08004088                TIM8_CC_IRQHandler
                0x08004088                TIM1_CC_IRQHandler
                0x08004088                PVD_IRQHandler
                0x08004088                SDIO_IRQHandler
                0x08004088                EXTI3_IRQHandler
                0x08004088                EXTI0_IRQHandler
                0x08004088                I2C2_EV_IRQHandler
                0x08004088                ADC1_2_IRQHandler
                0x08004088                SPI1_IRQHandler
                0x08004088                TAMPER_IRQHandler
                0x08004088                TIM8_UP_IRQHandler
                0x08004088                DMA2_Channel2_IRQHandler
                0x08004088                DMA1_Channel4_IRQHandler
                0x08004088                USART3_IRQHandler
                0x08004088                RTC_IRQHandler
                0x08004088                DMA1_Channel7_IRQHandler
                0x08004088                CAN1_RX1_IRQHandler
                0x08004088                UART5_IRQHandler
                0x08004088                ADC3_IRQHandler
                0x08004088                TIM4_IRQHandler
                0x08004088                DMA2_Channel1_IRQHandler
                0x08004088                I2C1_EV_IRQHandler
                0x08004088                DMA1_Channel6_IRQHandler
                0x08004088                UART4_IRQHandler
                0x08004088                TIM3_IRQHandler
                0x08004088                RCC_IRQHandler
                0x08004088                TIM1_TRG_COM_IRQHandler
                0x08004088                DMA1_Channel1_IRQHandler
                0x08004088                Default_Handler
                0x08004088                EXTI15_10_IRQHandler
                0x08004088                TIM7_IRQHandler
                0x08004088                TIM5_IRQHandler
                0x08004088                EXTI9_5_IRQHandler
                0x08004088                SPI2_IRQHandler
                0x08004088                DMA1_Channel5_IRQHandler
                0x08004088                EXTI4_IRQHandler
                0x08004088                USB_HP_CAN1_TX_IRQHandler
                0x08004088                DMA1_Channel3_IRQHandler
                0x08004088                FSMC_IRQHandler
                0x08004088                TIM1_UP_IRQHandler
                0x08004088                WWDG_IRQHandler
                0x08004088                TIM2_IRQHandler
                0x08004088                TIM1_BRK_IRQHandler
                0x08004088                EXTI1_IRQHandler
                0x08004088                DMA2_Channel4_5_IRQHandler
                0x08004088                USART2_IRQHandler
                0x08004088                I2C2_ER_IRQHandler
                0x08004088                DMA1_Channel2_IRQHandler
                0x08004088                TIM8_BRK_IRQHandler
                0x08004088                CAN1_SCE_IRQHandler
                0x08004088                FLASH_IRQHandler
                0x08004088                USART1_IRQHandler
                0x08004088                SPI3_IRQHandler
                0x08004088                I2C1_ER_IRQHandler
                0x08004088                USBWakeUp_IRQHandler
                0x08004088                DMA2_Channel3_IRQHandler
 *fill*         0x0800408a        0x2 
 .text.can_init
                0x0800408c       0x44 CMakeFiles/Hand_Slaver.dir/Bsp/can/bsp_can.c.obj
                0x0800408c                can_init
 .text.HAL_CAN_RxFifo0MsgPendingCallback
                0x080040d0       0x44 CMakeFiles/Hand_Slaver.dir/Bsp/can/bsp_can.c.obj
                0x080040d0                HAL_CAN_RxFifo0MsgPendingCallback
 .text.can_filter_init
                0x08004114       0x78 CMakeFiles/Hand_Slaver.dir/Bsp/can/bsp_can.c.obj
 .text.can_error_handler
                0x0800418c       0x58 CMakeFiles/Hand_Slaver.dir/Bsp/can/bsp_can.c.obj
 .text.can_process_rx_message
                0x080041e4       0xdc CMakeFiles/Hand_Slaver.dir/Bsp/can/bsp_can.c.obj
 .text.encoder_init
                0x080042c0       0x8c CMakeFiles/Hand_Slaver.dir/Bsp/encoder/bsp_encoder.c.obj
                0x080042c0                encoder_init
 .text.get_motor_angle
                0x0800434c       0x60 CMakeFiles/Hand_Slaver.dir/Bsp/encoder/bsp_encoder.c.obj
                0x0800434c                get_motor_angle
 .text.led_toggle
                0x080043ac       0x14 CMakeFiles/Hand_Slaver.dir/Bsp/led/bsp_led.c.obj
                0x080043ac                led_toggle
 .text.motor_init
                0x080043c0       0x80 CMakeFiles/Hand_Slaver.dir/Bsp/motor/bsp_motor.c.obj
                0x080043c0                motor_init
 .text.motor_set_speed
                0x08004440       0xd0 CMakeFiles/Hand_Slaver.dir/Bsp/motor/bsp_motor.c.obj
                0x08004440                motor_set_speed
 .text.motor_brake
                0x08004510       0x78 CMakeFiles/Hand_Slaver.dir/Bsp/motor/bsp_motor.c.obj
                0x08004510                motor_brake
 .text.motor_validate_param
                0x08004588       0x3a CMakeFiles/Hand_Slaver.dir/Bsp/motor/bsp_motor.c.obj
 *fill*         0x080045c2        0x2 
 .text.motor_set_compare
                0x080045c4      0x10c CMakeFiles/Hand_Slaver.dir/Bsp/motor/bsp_motor.c.obj
 .text.pid_param_init
                0x080046d0       0x64 CMakeFiles/Hand_Slaver.dir/Utility/pid/pid.c.obj
 .text.pid_reset
                0x08004734       0x2a CMakeFiles/Hand_Slaver.dir/Utility/pid/pid.c.obj
 .text.pid_calculate
                0x0800475e      0x176 CMakeFiles/Hand_Slaver.dir/Utility/pid/pid.c.obj
 .text.pid_init
                0x080048d4       0x30 CMakeFiles/Hand_Slaver.dir/Utility/pid/pid.c.obj
                0x080048d4                pid_init
 .text.Motor1_Pid_Pos
                0x08004904       0x80 CMakeFiles/Hand_Slaver.dir/Utility/pid/pid.c.obj
                0x08004904                Motor1_Pid_Pos
 .text.Motor2_Pid_Pos
                0x08004984       0x80 CMakeFiles/Hand_Slaver.dir/Utility/pid/pid.c.obj
                0x08004984                Motor2_Pid_Pos
 .text.Motor3_Pid_Pos
                0x08004a04       0x80 CMakeFiles/Hand_Slaver.dir/Utility/pid/pid.c.obj
                0x08004a04                Motor3_Pid_Pos
 .text.timer_init
                0x08004a84       0x14 CMakeFiles/Hand_Slaver.dir/Utility/timer/timer.c.obj
                0x08004a84                timer_init
 .text.HAL_TIM_PeriodElapsedCallback
                0x08004a98       0x7c CMakeFiles/Hand_Slaver.dir/Utility/timer/timer.c.obj
                0x08004a98                HAL_TIM_PeriodElapsedCallback
 .text._DoInit  0x08004b14       0xb0 CMakeFiles/Hand_Slaver.dir/RTT/SEGGER_RTT.c.obj
 .text._WriteBlocking
                0x08004bc4       0xb6 CMakeFiles/Hand_Slaver.dir/RTT/SEGGER_RTT.c.obj
 .text._WriteNoCheck
                0x08004c7a       0x88 CMakeFiles/Hand_Slaver.dir/RTT/SEGGER_RTT.c.obj
 .text._GetAvailWriteSpace
                0x08004d02       0x44 CMakeFiles/Hand_Slaver.dir/RTT/SEGGER_RTT.c.obj
 *fill*         0x08004d46        0x2 
 .text.SEGGER_RTT_WriteNoLock
                0x08004d48       0xa0 CMakeFiles/Hand_Slaver.dir/RTT/SEGGER_RTT.c.obj
                0x08004d48                SEGGER_RTT_WriteNoLock
 .text.SEGGER_RTT_Write
                0x08004de8       0x4c CMakeFiles/Hand_Slaver.dir/RTT/SEGGER_RTT.c.obj
                0x08004de8                SEGGER_RTT_Write
 .text.SEGGER_RTT_Init
                0x08004e34        0xc CMakeFiles/Hand_Slaver.dir/RTT/SEGGER_RTT.c.obj
                0x08004e34                SEGGER_RTT_Init
 .text._StoreChar
                0x08004e40       0x7c CMakeFiles/Hand_Slaver.dir/RTT/SEGGER_RTT_printf.c.obj
 .text._PrintUnsigned
                0x08004ebc      0x158 CMakeFiles/Hand_Slaver.dir/RTT/SEGGER_RTT_printf.c.obj
 .text._PrintInt
                0x08005014      0x14e CMakeFiles/Hand_Slaver.dir/RTT/SEGGER_RTT_printf.c.obj
 *fill*         0x08005162        0x2 
 .text.SEGGER_RTT_vprintf
                0x08005164      0x420 CMakeFiles/Hand_Slaver.dir/RTT/SEGGER_RTT_printf.c.obj
                0x08005164                SEGGER_RTT_vprintf
 .text.SEGGER_RTT_printf
                0x08005584       0x30 CMakeFiles/Hand_Slaver.dir/RTT/SEGGER_RTT_printf.c.obj
                0x08005584                SEGGER_RTT_printf
 .text.memcpy   0x080055b4       0x1c D:/toolchain/arm_none_eabi_gcc/xpack-arm-none-eabi-gcc-13.3.1-1.1/bin/../lib/gcc/arm-none-eabi/13.3.1/../../../../arm-none-eabi/lib/thumb/v7-m/nofp\libg_nano.a(libc_a-memcpy-stub.o)
                0x080055b4                memcpy
 *(.glue_7)
 .glue_7        0x080055d0        0x0 linker stubs
 *(.glue_7t)
 .glue_7t       0x080055d0        0x0 linker stubs
 *(.eh_frame)
 .eh_frame      0x080055d0        0x0 D:/toolchain/arm_none_eabi_gcc/xpack-arm-none-eabi-gcc-13.3.1-1.1/bin/../lib/gcc/arm-none-eabi/13.3.1/thumb/v7-m/nofp/crtbegin.o
 *(.init)
 .init          0x080055d0        0x4 D:/toolchain/arm_none_eabi_gcc/xpack-arm-none-eabi-gcc-13.3.1-1.1/bin/../lib/gcc/arm-none-eabi/13.3.1/thumb/v7-m/nofp/crti.o
                0x080055d0                _init
 .init          0x080055d4        0x8 D:/toolchain/arm_none_eabi_gcc/xpack-arm-none-eabi-gcc-13.3.1-1.1/bin/../lib/gcc/arm-none-eabi/13.3.1/thumb/v7-m/nofp/crtn.o
 *(.fini)
 .fini          0x080055dc        0x4 D:/toolchain/arm_none_eabi_gcc/xpack-arm-none-eabi-gcc-13.3.1-1.1/bin/../lib/gcc/arm-none-eabi/13.3.1/thumb/v7-m/nofp/crti.o
                0x080055dc                _fini
 .fini          0x080055e0        0x8 D:/toolchain/arm_none_eabi_gcc/xpack-arm-none-eabi-gcc-13.3.1-1.1/bin/../lib/gcc/arm-none-eabi/13.3.1/thumb/v7-m/nofp/crtn.o
                0x080055e8                        . = ALIGN (0x4)
                0x080055e8                        _etext = .

.vfp11_veneer   0x080055e8        0x0
 .vfp11_veneer  0x080055e8        0x0 linker stubs

.v4_bx          0x080055e8        0x0
 .v4_bx         0x080055e8        0x0 linker stubs

.iplt           0x080055e8        0x0
 .iplt          0x080055e8        0x0 D:/toolchain/arm_none_eabi_gcc/xpack-arm-none-eabi-gcc-13.3.1-1.1/bin/../lib/gcc/arm-none-eabi/13.3.1/thumb/v7-m/nofp/crtbegin.o

.rodata         0x080055e8       0x88
                0x080055e8                        . = ALIGN (0x4)
 *(.rodata)
 .rodata        0x080055e8        0x6 CMakeFiles/Hand_Slaver.dir/Bsp/can/bsp_can.c.obj
 *fill*         0x080055ee        0x2 
 .rodata        0x080055f0        0x9 CMakeFiles/Hand_Slaver.dir/RTT/SEGGER_RTT.c.obj
 *fill*         0x080055f9        0x3 
 .rodata        0x080055fc        0x7 CMakeFiles/Hand_Slaver.dir/RTT/SEGGER_RTT_printf.c.obj
 *(.rodata*)
 *fill*         0x08005603        0x1 
 .rodata.AHBPrescTable
                0x08005604       0x10 cmake/stm32cubemx/CMakeFiles/STM32_Drivers.dir/__/__/Core/Src/system_stm32f1xx.c.obj
                0x08005604                AHBPrescTable
 .rodata.aPLLMULFactorTable.1
                0x08005614       0x10 cmake/stm32cubemx/CMakeFiles/STM32_Drivers.dir/__/__/Drivers/STM32F1xx_HAL_Driver/Src/stm32f1xx_hal_rcc.c.obj
 .rodata.aPredivFactorTable.0
                0x08005624        0x2 cmake/stm32cubemx/CMakeFiles/STM32_Drivers.dir/__/__/Drivers/STM32F1xx_HAL_Driver/Src/stm32f1xx_hal_rcc.c.obj
 *fill*         0x08005626        0x2 
 .rodata.encoder_configs
                0x08005628       0x24 CMakeFiles/Hand_Slaver.dir/Bsp/encoder/bsp_encoder.c.obj
 .rodata._aInitStr.0
                0x0800564c       0x11 CMakeFiles/Hand_Slaver.dir/RTT/SEGGER_RTT.c.obj
 *fill*         0x0800565d        0x3 
 .rodata._aV2C.0
                0x08005660       0x10 CMakeFiles/Hand_Slaver.dir/RTT/SEGGER_RTT_printf.c.obj
                0x08005670                        . = ALIGN (0x4)

.rel.dyn        0x08005670        0x0
 .rel.iplt      0x08005670        0x0 D:/toolchain/arm_none_eabi_gcc/xpack-arm-none-eabi-gcc-13.3.1-1.1/bin/../lib/gcc/arm-none-eabi/13.3.1/thumb/v7-m/nofp/crtbegin.o

.ARM.extab
 *(.ARM.extab* .gnu.linkonce.armextab.*)

.ARM            0x08005670        0x0
                0x08005670                        __exidx_start = .
 *(.ARM.exidx*)
                0x08005670                        __exidx_end = .

.preinit_array  0x08005670        0x0
                0x08005670                        PROVIDE (__preinit_array_start = .)
 *(.preinit_array*)
                0x08005670                        PROVIDE (__preinit_array_end = .)

.init_array     0x08005670        0x4
                0x08005670                        PROVIDE (__init_array_start = .)
 *(SORT_BY_NAME(.init_array.*))
 *(.init_array*)
 .init_array    0x08005670        0x4 D:/toolchain/arm_none_eabi_gcc/xpack-arm-none-eabi-gcc-13.3.1-1.1/bin/../lib/gcc/arm-none-eabi/13.3.1/thumb/v7-m/nofp/crtbegin.o
                0x08005674                        PROVIDE (__init_array_end = .)

.fini_array     0x08005674        0x4
                0x08005674                        PROVIDE (__fini_array_start = .)
 *(SORT_BY_NAME(.fini_array.*))
 *(.fini_array*)
 .fini_array    0x08005674        0x4 D:/toolchain/arm_none_eabi_gcc/xpack-arm-none-eabi-gcc-13.3.1-1.1/bin/../lib/gcc/arm-none-eabi/13.3.1/thumb/v7-m/nofp/crtbegin.o
                0x08005678                        PROVIDE (__fini_array_end = .)
                0x08005678                        _sidata = LOADADDR (.data)

.data           0x20000000       0x3c load address 0x08005678
                0x20000000                        . = ALIGN (0x4)
                0x20000000                        _sdata = .
 *(.data)
 *(.data*)
 .data.SystemCoreClock
                0x20000000        0x4 cmake/stm32cubemx/CMakeFiles/STM32_Drivers.dir/__/__/Core/Src/system_stm32f1xx.c.obj
                0x20000000                SystemCoreClock
 .data.uwTickPrio
                0x20000004        0x4 cmake/stm32cubemx/CMakeFiles/STM32_Drivers.dir/__/__/Drivers/STM32F1xx_HAL_Driver/Src/stm32f1xx_hal.c.obj
                0x20000004                uwTickPrio
 .data.uwTickFreq
                0x20000008        0x1 cmake/stm32cubemx/CMakeFiles/STM32_Drivers.dir/__/__/Drivers/STM32F1xx_HAL_Driver/Src/stm32f1xx_hal.c.obj
                0x20000008                uwTickFreq
 *fill*         0x20000009        0x3 
 .data.motor_configs
                0x2000000c       0x30 CMakeFiles/Hand_Slaver.dir/Bsp/motor/bsp_motor.c.obj
                0x2000003c                        . = ALIGN (0x4)
                0x2000003c                        _edata = .

.igot.plt       0x2000003c        0x0 load address 0x080056b4
 .igot.plt      0x2000003c        0x0 D:/toolchain/arm_none_eabi_gcc/xpack-arm-none-eabi-gcc-13.3.1-1.1/bin/../lib/gcc/arm-none-eabi/13.3.1/thumb/v7-m/nofp/crtbegin.o
                0x2000003c                        . = ALIGN (0x4)

.bss            0x2000003c      0x764 load address 0x080056b4
                0x2000003c                        _sbss = .
                0x2000003c                        __bss_start__ = _sbss
 *(.bss)
 *(.bss*)
 .bss.completed.1
                0x2000003c        0x1 D:/toolchain/arm_none_eabi_gcc/xpack-arm-none-eabi-gcc-13.3.1-1.1/bin/../lib/gcc/arm-none-eabi/13.3.1/thumb/v7-m/nofp/crtbegin.o
 *fill*         0x2000003d        0x3 
 .bss.object.0  0x20000040       0x18 D:/toolchain/arm_none_eabi_gcc/xpack-arm-none-eabi-gcc-13.3.1-1.1/bin/../lib/gcc/arm-none-eabi/13.3.1/thumb/v7-m/nofp/crtbegin.o
 .bss.uwTick    0x20000058        0x4 cmake/stm32cubemx/CMakeFiles/STM32_Drivers.dir/__/__/Drivers/STM32F1xx_HAL_Driver/Src/stm32f1xx_hal.c.obj
                0x20000058                uwTick
 .bss.hcan      0x2000005c       0x28 CMakeFiles/Hand_Slaver.dir/Core/Src/can.c.obj
                0x2000005c                hcan
 .bss.htim1     0x20000084       0x48 CMakeFiles/Hand_Slaver.dir/Core/Src/tim.c.obj
                0x20000084                htim1
 .bss.htim2     0x200000cc       0x48 CMakeFiles/Hand_Slaver.dir/Core/Src/tim.c.obj
                0x200000cc                htim2
 .bss.htim3     0x20000114       0x48 CMakeFiles/Hand_Slaver.dir/Core/Src/tim.c.obj
                0x20000114                htim3
 .bss.htim4     0x2000015c       0x48 CMakeFiles/Hand_Slaver.dir/Core/Src/tim.c.obj
                0x2000015c                htim4
 .bss.htim5     0x200001a4       0x48 CMakeFiles/Hand_Slaver.dir/Core/Src/tim.c.obj
                0x200001a4                htim5
 .bss.htim6     0x200001ec       0x48 CMakeFiles/Hand_Slaver.dir/Core/Src/tim.c.obj
                0x200001ec                htim6
 .bss.htim8     0x20000234       0x48 CMakeFiles/Hand_Slaver.dir/Core/Src/tim.c.obj
                0x20000234                htim8
 .bss.can_rec   0x2000027c       0x28 CMakeFiles/Hand_Slaver.dir/Bsp/can/bsp_can.c.obj
                0x2000027c                can_rec
 .bss.can_handle
                0x200002a4        0xc CMakeFiles/Hand_Slaver.dir/Bsp/can/bsp_can.c.obj
 .bss.i.0       0x200002b0        0x1 CMakeFiles/Hand_Slaver.dir/Bsp/can/bsp_can.c.obj
 *fill*         0x200002b1        0x3 
 .bss.pid       0x200002b4       0x34 CMakeFiles/Hand_Slaver.dir/Utility/pid/pid.c.obj
                0x200002b4                pid
 .bss._SEGGER_RTT
                0x200002e8       0xa8 CMakeFiles/Hand_Slaver.dir/RTT/SEGGER_RTT.c.obj
                0x200002e8                _SEGGER_RTT
 .bss._acUpBuffer
                0x20000390      0x400 CMakeFiles/Hand_Slaver.dir/RTT/SEGGER_RTT.c.obj
 .bss._acDownBuffer
                0x20000790       0x10 CMakeFiles/Hand_Slaver.dir/RTT/SEGGER_RTT.c.obj
 *(COMMON)
                0x200007a0                        . = ALIGN (0x4)
                0x200007a0                        _ebss = .
                0x200007a0                        __bss_end__ = _ebss

._user_heap_stack
                0x200007a0      0x600 load address 0x080056b4
                0x200007a0                        . = ALIGN (0x8)
                [!provide]                        PROVIDE (end = .)
                0x200007a0                        PROVIDE (_end = .)
                0x200009a0                        . = (. + _Min_Heap_Size)
 *fill*         0x200007a0      0x200 
                0x20000da0                        . = (. + _Min_Stack_Size)
 *fill*         0x200009a0      0x400 
                0x20000da0                        . = ALIGN (0x8)

/DISCARD/
 libc.a(*)
 libm.a(*)
 libgcc.a(*)
OUTPUT(Hand_Slaver.elf elf32-littlearm)
LOAD linker stubs
LOAD D:/toolchain/arm_none_eabi_gcc/xpack-arm-none-eabi-gcc-13.3.1-1.1/bin/../lib/gcc/arm-none-eabi/13.3.1/../../../../arm-none-eabi/lib/thumb/v7-m/nofp\libc.a
LOAD D:/toolchain/arm_none_eabi_gcc/xpack-arm-none-eabi-gcc-13.3.1-1.1/bin/../lib/gcc/arm-none-eabi/13.3.1/../../../../arm-none-eabi/lib/thumb/v7-m/nofp\libm.a
LOAD D:/toolchain/arm_none_eabi_gcc/xpack-arm-none-eabi-gcc-13.3.1-1.1/bin/../lib/gcc/arm-none-eabi/13.3.1/thumb/v7-m/nofp\libgcc.a

.ARM.attributes
                0x00000000       0x29
 .ARM.attributes
                0x00000000       0x1d D:/toolchain/arm_none_eabi_gcc/xpack-arm-none-eabi-gcc-13.3.1-1.1/bin/../lib/gcc/arm-none-eabi/13.3.1/thumb/v7-m/nofp/crti.o
 .ARM.attributes
                0x0000001d       0x2d D:/toolchain/arm_none_eabi_gcc/xpack-arm-none-eabi-gcc-13.3.1-1.1/bin/../lib/gcc/arm-none-eabi/13.3.1/thumb/v7-m/nofp/crtbegin.o
 .ARM.attributes
                0x0000004a       0x2d D:/toolchain/arm_none_eabi_gcc/xpack-arm-none-eabi-gcc-13.3.1-1.1/bin/../lib/gcc/arm-none-eabi/13.3.1/../../../../arm-none-eabi/lib/thumb/v7-m/nofp\libc_nano.a(libc_a-memset.o)
 .ARM.attributes
                0x00000077       0x2d D:/toolchain/arm_none_eabi_gcc/xpack-arm-none-eabi-gcc-13.3.1-1.1/bin/../lib/gcc/arm-none-eabi/13.3.1/../../../../arm-none-eabi/lib/thumb/v7-m/nofp\libc_nano.a(libc_a-init.o)
 .ARM.attributes
                0x000000a4       0x2d cmake/stm32cubemx/CMakeFiles/STM32_Drivers.dir/__/__/Core/Src/system_stm32f1xx.c.obj
 .ARM.attributes
                0x000000d1       0x2d cmake/stm32cubemx/CMakeFiles/STM32_Drivers.dir/__/__/Drivers/STM32F1xx_HAL_Driver/Src/stm32f1xx_hal_can.c.obj
 .ARM.attributes
                0x000000fe       0x2d cmake/stm32cubemx/CMakeFiles/STM32_Drivers.dir/__/__/Drivers/STM32F1xx_HAL_Driver/Src/stm32f1xx_hal.c.obj
 .ARM.attributes
                0x0000012b       0x2d cmake/stm32cubemx/CMakeFiles/STM32_Drivers.dir/__/__/Drivers/STM32F1xx_HAL_Driver/Src/stm32f1xx_hal_rcc.c.obj
 .ARM.attributes
                0x00000158       0x2d cmake/stm32cubemx/CMakeFiles/STM32_Drivers.dir/__/__/Drivers/STM32F1xx_HAL_Driver/Src/stm32f1xx_hal_gpio.c.obj
 .ARM.attributes
                0x00000185       0x2d cmake/stm32cubemx/CMakeFiles/STM32_Drivers.dir/__/__/Drivers/STM32F1xx_HAL_Driver/Src/stm32f1xx_hal_cortex.c.obj
 .ARM.attributes
                0x000001b2       0x2d cmake/stm32cubemx/CMakeFiles/STM32_Drivers.dir/__/__/Drivers/STM32F1xx_HAL_Driver/Src/stm32f1xx_hal_tim.c.obj
 .ARM.attributes
                0x000001df       0x2d cmake/stm32cubemx/CMakeFiles/STM32_Drivers.dir/__/__/Drivers/STM32F1xx_HAL_Driver/Src/stm32f1xx_hal_tim_ex.c.obj
 .ARM.attributes
                0x0000020c       0x2d CMakeFiles/Hand_Slaver.dir/Core/Src/main.c.obj
 .ARM.attributes
                0x00000239       0x2d CMakeFiles/Hand_Slaver.dir/Core/Src/gpio.c.obj
 .ARM.attributes
                0x00000266       0x2d CMakeFiles/Hand_Slaver.dir/Core/Src/can.c.obj
 .ARM.attributes
                0x00000293       0x2d CMakeFiles/Hand_Slaver.dir/Core/Src/tim.c.obj
 .ARM.attributes
                0x000002c0       0x2d CMakeFiles/Hand_Slaver.dir/Core/Src/stm32f1xx_it.c.obj
 .ARM.attributes
                0x000002ed       0x2d CMakeFiles/Hand_Slaver.dir/Core/Src/stm32f1xx_hal_msp.c.obj
 .ARM.attributes
                0x0000031a       0x21 CMakeFiles/Hand_Slaver.dir/startup_stm32f103xe.s.obj
 .ARM.attributes
                0x0000033b       0x2d CMakeFiles/Hand_Slaver.dir/Bsp/can/bsp_can.c.obj
 .ARM.attributes
                0x00000368       0x2d CMakeFiles/Hand_Slaver.dir/Bsp/encoder/bsp_encoder.c.obj
 .ARM.attributes
                0x00000395       0x2d CMakeFiles/Hand_Slaver.dir/Bsp/led/bsp_led.c.obj
 .ARM.attributes
                0x000003c2       0x2d CMakeFiles/Hand_Slaver.dir/Bsp/motor/bsp_motor.c.obj
 .ARM.attributes
                0x000003ef       0x2d CMakeFiles/Hand_Slaver.dir/Utility/pid/pid.c.obj
 .ARM.attributes
                0x0000041c       0x2d CMakeFiles/Hand_Slaver.dir/Utility/timer/timer.c.obj
 .ARM.attributes
                0x00000449       0x2d CMakeFiles/Hand_Slaver.dir/RTT/SEGGER_RTT.c.obj
 .ARM.attributes
                0x00000476       0x2d CMakeFiles/Hand_Slaver.dir/RTT/SEGGER_RTT_printf.c.obj
 .ARM.attributes
                0x000004a3       0x1d D:/toolchain/arm_none_eabi_gcc/xpack-arm-none-eabi-gcc-13.3.1-1.1/bin/../lib/gcc/arm-none-eabi/13.3.1/thumb/v7-m/nofp\libgcc.a(_arm_mulsf3.o)
 .ARM.attributes
                0x000004c0       0x1d D:/toolchain/arm_none_eabi_gcc/xpack-arm-none-eabi-gcc-13.3.1-1.1/bin/../lib/gcc/arm-none-eabi/13.3.1/thumb/v7-m/nofp\libgcc.a(_arm_addsubsf3.o)
 .ARM.attributes
                0x000004dd       0x1d D:/toolchain/arm_none_eabi_gcc/xpack-arm-none-eabi-gcc-13.3.1-1.1/bin/../lib/gcc/arm-none-eabi/13.3.1/thumb/v7-m/nofp\libgcc.a(_arm_cmpsf2.o)
 .ARM.attributes
                0x000004fa       0x1d D:/toolchain/arm_none_eabi_gcc/xpack-arm-none-eabi-gcc-13.3.1-1.1/bin/../lib/gcc/arm-none-eabi/13.3.1/thumb/v7-m/nofp\libgcc.a(_arm_fixsfsi.o)
 .ARM.attributes
                0x00000517       0x1d D:/toolchain/arm_none_eabi_gcc/xpack-arm-none-eabi-gcc-13.3.1-1.1/bin/../lib/gcc/arm-none-eabi/13.3.1/thumb/v7-m/nofp\libgcc.a(_arm_fixunssfsi.o)
 .ARM.attributes
                0x00000534       0x2d D:/toolchain/arm_none_eabi_gcc/xpack-arm-none-eabi-gcc-13.3.1-1.1/bin/../lib/gcc/arm-none-eabi/13.3.1/../../../../arm-none-eabi/lib/thumb/v7-m/nofp\libg_nano.a(libc_a-memcpy-stub.o)
 .ARM.attributes
                0x00000561       0x1d D:/toolchain/arm_none_eabi_gcc/xpack-arm-none-eabi-gcc-13.3.1-1.1/bin/../lib/gcc/arm-none-eabi/13.3.1/thumb/v7-m/nofp/crtn.o

.comment        0x00000000       0x39
 .comment       0x00000000       0x39 D:/toolchain/arm_none_eabi_gcc/xpack-arm-none-eabi-gcc-13.3.1-1.1/bin/../lib/gcc/arm-none-eabi/13.3.1/thumb/v7-m/nofp/crtbegin.o
                                 0x3a (size before relaxing)
 .comment       0x00000039       0x3a D:/toolchain/arm_none_eabi_gcc/xpack-arm-none-eabi-gcc-13.3.1-1.1/bin/../lib/gcc/arm-none-eabi/13.3.1/../../../../arm-none-eabi/lib/thumb/v7-m/nofp\libc_nano.a(libc_a-memset.o)
 .comment       0x00000039       0x3a D:/toolchain/arm_none_eabi_gcc/xpack-arm-none-eabi-gcc-13.3.1-1.1/bin/../lib/gcc/arm-none-eabi/13.3.1/../../../../arm-none-eabi/lib/thumb/v7-m/nofp\libc_nano.a(libc_a-init.o)
 .comment       0x00000039       0x3a cmake/stm32cubemx/CMakeFiles/STM32_Drivers.dir/__/__/Core/Src/system_stm32f1xx.c.obj
 .comment       0x00000039       0x3a cmake/stm32cubemx/CMakeFiles/STM32_Drivers.dir/__/__/Drivers/STM32F1xx_HAL_Driver/Src/stm32f1xx_hal_can.c.obj
 .comment       0x00000039       0x3a cmake/stm32cubemx/CMakeFiles/STM32_Drivers.dir/__/__/Drivers/STM32F1xx_HAL_Driver/Src/stm32f1xx_hal.c.obj
 .comment       0x00000039       0x3a cmake/stm32cubemx/CMakeFiles/STM32_Drivers.dir/__/__/Drivers/STM32F1xx_HAL_Driver/Src/stm32f1xx_hal_rcc.c.obj
 .comment       0x00000039       0x3a cmake/stm32cubemx/CMakeFiles/STM32_Drivers.dir/__/__/Drivers/STM32F1xx_HAL_Driver/Src/stm32f1xx_hal_gpio.c.obj
 .comment       0x00000039       0x3a cmake/stm32cubemx/CMakeFiles/STM32_Drivers.dir/__/__/Drivers/STM32F1xx_HAL_Driver/Src/stm32f1xx_hal_cortex.c.obj
 .comment       0x00000039       0x3a cmake/stm32cubemx/CMakeFiles/STM32_Drivers.dir/__/__/Drivers/STM32F1xx_HAL_Driver/Src/stm32f1xx_hal_tim.c.obj
 .comment       0x00000039       0x3a cmake/stm32cubemx/CMakeFiles/STM32_Drivers.dir/__/__/Drivers/STM32F1xx_HAL_Driver/Src/stm32f1xx_hal_tim_ex.c.obj
 .comment       0x00000039       0x3a CMakeFiles/Hand_Slaver.dir/Core/Src/main.c.obj
 .comment       0x00000039       0x3a CMakeFiles/Hand_Slaver.dir/Core/Src/gpio.c.obj
 .comment       0x00000039       0x3a CMakeFiles/Hand_Slaver.dir/Core/Src/can.c.obj
 .comment       0x00000039       0x3a CMakeFiles/Hand_Slaver.dir/Core/Src/tim.c.obj
 .comment       0x00000039       0x3a CMakeFiles/Hand_Slaver.dir/Core/Src/stm32f1xx_it.c.obj
 .comment       0x00000039       0x3a CMakeFiles/Hand_Slaver.dir/Core/Src/stm32f1xx_hal_msp.c.obj
 .comment       0x00000039       0x3a CMakeFiles/Hand_Slaver.dir/Bsp/can/bsp_can.c.obj
 .comment       0x00000039       0x3a CMakeFiles/Hand_Slaver.dir/Bsp/encoder/bsp_encoder.c.obj
 .comment       0x00000039       0x3a CMakeFiles/Hand_Slaver.dir/Bsp/led/bsp_led.c.obj
 .comment       0x00000039       0x3a CMakeFiles/Hand_Slaver.dir/Bsp/motor/bsp_motor.c.obj
 .comment       0x00000039       0x3a CMakeFiles/Hand_Slaver.dir/Utility/pid/pid.c.obj
 .comment       0x00000039       0x3a CMakeFiles/Hand_Slaver.dir/Utility/timer/timer.c.obj
 .comment       0x00000039       0x3a CMakeFiles/Hand_Slaver.dir/RTT/SEGGER_RTT.c.obj
 .comment       0x00000039       0x3a CMakeFiles/Hand_Slaver.dir/RTT/SEGGER_RTT_printf.c.obj
 .comment       0x00000039       0x3a D:/toolchain/arm_none_eabi_gcc/xpack-arm-none-eabi-gcc-13.3.1-1.1/bin/../lib/gcc/arm-none-eabi/13.3.1/../../../../arm-none-eabi/lib/thumb/v7-m/nofp\libg_nano.a(libc_a-memcpy-stub.o)

.debug_info     0x00000000     0xe25f
 .debug_info    0x00000000      0x222 cmake/stm32cubemx/CMakeFiles/STM32_Drivers.dir/__/__/Core/Src/system_stm32f1xx.c.obj
 .debug_info    0x00000222      0xf0f cmake/stm32cubemx/CMakeFiles/STM32_Drivers.dir/__/__/Drivers/STM32F1xx_HAL_Driver/Src/stm32f1xx_hal_can.c.obj
 .debug_info    0x00001131      0x76a cmake/stm32cubemx/CMakeFiles/STM32_Drivers.dir/__/__/Drivers/STM32F1xx_HAL_Driver/Src/stm32f1xx_hal.c.obj
 .debug_info    0x0000189b      0x7d5 cmake/stm32cubemx/CMakeFiles/STM32_Drivers.dir/__/__/Drivers/STM32F1xx_HAL_Driver/Src/stm32f1xx_hal_rcc.c.obj
 .debug_info    0x00002070      0x5ab cmake/stm32cubemx/CMakeFiles/STM32_Drivers.dir/__/__/Drivers/STM32F1xx_HAL_Driver/Src/stm32f1xx_hal_gpio.c.obj
 .debug_info    0x0000261b      0xaed cmake/stm32cubemx/CMakeFiles/STM32_Drivers.dir/__/__/Drivers/STM32F1xx_HAL_Driver/Src/stm32f1xx_hal_cortex.c.obj
 .debug_info    0x00003108     0x2959 cmake/stm32cubemx/CMakeFiles/STM32_Drivers.dir/__/__/Drivers/STM32F1xx_HAL_Driver/Src/stm32f1xx_hal_tim.c.obj
 .debug_info    0x00005a61     0x149b cmake/stm32cubemx/CMakeFiles/STM32_Drivers.dir/__/__/Drivers/STM32F1xx_HAL_Driver/Src/stm32f1xx_hal_tim_ex.c.obj
 .debug_info    0x00006efc      0x3ea CMakeFiles/Hand_Slaver.dir/Core/Src/main.c.obj
 .debug_info    0x000072e6      0x2da CMakeFiles/Hand_Slaver.dir/Core/Src/gpio.c.obj
 .debug_info    0x000075c0      0x8d9 CMakeFiles/Hand_Slaver.dir/Core/Src/can.c.obj
 .debug_info    0x00007e99     0x119a CMakeFiles/Hand_Slaver.dir/Core/Src/tim.c.obj
 .debug_info    0x00009033      0xa97 CMakeFiles/Hand_Slaver.dir/Core/Src/stm32f1xx_it.c.obj
 .debug_info    0x00009aca      0x1f8 CMakeFiles/Hand_Slaver.dir/Core/Src/stm32f1xx_hal_msp.c.obj
 .debug_info    0x00009cc2       0x30 CMakeFiles/Hand_Slaver.dir/startup_stm32f103xe.s.obj
 .debug_info    0x00009cf2      0xb99 CMakeFiles/Hand_Slaver.dir/Bsp/can/bsp_can.c.obj
 .debug_info    0x0000a88b      0x78c CMakeFiles/Hand_Slaver.dir/Bsp/encoder/bsp_encoder.c.obj
 .debug_info    0x0000b017      0x1ac CMakeFiles/Hand_Slaver.dir/Bsp/led/bsp_led.c.obj
 .debug_info    0x0000b1c3      0x91f CMakeFiles/Hand_Slaver.dir/Bsp/motor/bsp_motor.c.obj
 .debug_info    0x0000bae2      0x4eb CMakeFiles/Hand_Slaver.dir/Utility/pid/pid.c.obj
 .debug_info    0x0000bfcd      0x73e CMakeFiles/Hand_Slaver.dir/Utility/timer/timer.c.obj
 .debug_info    0x0000c70b     0x14d5 CMakeFiles/Hand_Slaver.dir/RTT/SEGGER_RTT.c.obj
 .debug_info    0x0000dbe0      0x423 CMakeFiles/Hand_Slaver.dir/RTT/SEGGER_RTT_printf.c.obj
 .debug_info    0x0000e003       0x3f D:/toolchain/arm_none_eabi_gcc/xpack-arm-none-eabi-gcc-13.3.1-1.1/bin/../lib/gcc/arm-none-eabi/13.3.1/thumb/v7-m/nofp\libgcc.a(_arm_mulsf3.o)
 .debug_info    0x0000e042       0xca D:/toolchain/arm_none_eabi_gcc/xpack-arm-none-eabi-gcc-13.3.1-1.1/bin/../lib/gcc/arm-none-eabi/13.3.1/thumb/v7-m/nofp\libgcc.a(_arm_addsubsf3.o)
 .debug_info    0x0000e10c       0xdb D:/toolchain/arm_none_eabi_gcc/xpack-arm-none-eabi-gcc-13.3.1-1.1/bin/../lib/gcc/arm-none-eabi/13.3.1/thumb/v7-m/nofp\libgcc.a(_arm_cmpsf2.o)
 .debug_info    0x0000e1e7       0x3c D:/toolchain/arm_none_eabi_gcc/xpack-arm-none-eabi-gcc-13.3.1-1.1/bin/../lib/gcc/arm-none-eabi/13.3.1/thumb/v7-m/nofp\libgcc.a(_arm_fixsfsi.o)
 .debug_info    0x0000e223       0x3c D:/toolchain/arm_none_eabi_gcc/xpack-arm-none-eabi-gcc-13.3.1-1.1/bin/../lib/gcc/arm-none-eabi/13.3.1/thumb/v7-m/nofp\libgcc.a(_arm_fixunssfsi.o)

.debug_abbrev   0x00000000     0x2bce
 .debug_abbrev  0x00000000      0x13f cmake/stm32cubemx/CMakeFiles/STM32_Drivers.dir/__/__/Core/Src/system_stm32f1xx.c.obj
 .debug_abbrev  0x0000013f      0x242 cmake/stm32cubemx/CMakeFiles/STM32_Drivers.dir/__/__/Drivers/STM32F1xx_HAL_Driver/Src/stm32f1xx_hal_can.c.obj
 .debug_abbrev  0x00000381      0x201 cmake/stm32cubemx/CMakeFiles/STM32_Drivers.dir/__/__/Drivers/STM32F1xx_HAL_Driver/Src/stm32f1xx_hal.c.obj
 .debug_abbrev  0x00000582      0x2b3 cmake/stm32cubemx/CMakeFiles/STM32_Drivers.dir/__/__/Drivers/STM32F1xx_HAL_Driver/Src/stm32f1xx_hal_rcc.c.obj
 .debug_abbrev  0x00000835      0x1ca cmake/stm32cubemx/CMakeFiles/STM32_Drivers.dir/__/__/Drivers/STM32F1xx_HAL_Driver/Src/stm32f1xx_hal_gpio.c.obj
 .debug_abbrev  0x000009ff      0x2f8 cmake/stm32cubemx/CMakeFiles/STM32_Drivers.dir/__/__/Drivers/STM32F1xx_HAL_Driver/Src/stm32f1xx_hal_cortex.c.obj
 .debug_abbrev  0x00000cf7      0x277 cmake/stm32cubemx/CMakeFiles/STM32_Drivers.dir/__/__/Drivers/STM32F1xx_HAL_Driver/Src/stm32f1xx_hal_tim.c.obj
 .debug_abbrev  0x00000f6e      0x282 cmake/stm32cubemx/CMakeFiles/STM32_Drivers.dir/__/__/Drivers/STM32F1xx_HAL_Driver/Src/stm32f1xx_hal_tim_ex.c.obj
 .debug_abbrev  0x000011f0      0x1df CMakeFiles/Hand_Slaver.dir/Core/Src/main.c.obj
 .debug_abbrev  0x000013cf      0x13f CMakeFiles/Hand_Slaver.dir/Core/Src/gpio.c.obj
 .debug_abbrev  0x0000150e      0x220 CMakeFiles/Hand_Slaver.dir/Core/Src/can.c.obj
 .debug_abbrev  0x0000172e      0x276 CMakeFiles/Hand_Slaver.dir/Core/Src/tim.c.obj
 .debug_abbrev  0x000019a4      0x1d7 CMakeFiles/Hand_Slaver.dir/Core/Src/stm32f1xx_it.c.obj
 .debug_abbrev  0x00001b7b       0xdb CMakeFiles/Hand_Slaver.dir/Core/Src/stm32f1xx_hal_msp.c.obj
 .debug_abbrev  0x00001c56       0x24 CMakeFiles/Hand_Slaver.dir/startup_stm32f103xe.s.obj
 .debug_abbrev  0x00001c7a      0x2ad CMakeFiles/Hand_Slaver.dir/Bsp/can/bsp_can.c.obj
 .debug_abbrev  0x00001f27      0x1c3 CMakeFiles/Hand_Slaver.dir/Bsp/encoder/bsp_encoder.c.obj
 .debug_abbrev  0x000020ea       0xe2 CMakeFiles/Hand_Slaver.dir/Bsp/led/bsp_led.c.obj
 .debug_abbrev  0x000021cc      0x200 CMakeFiles/Hand_Slaver.dir/Bsp/motor/bsp_motor.c.obj
 .debug_abbrev  0x000023cc      0x1ac CMakeFiles/Hand_Slaver.dir/Utility/pid/pid.c.obj
 .debug_abbrev  0x00002578      0x1a4 CMakeFiles/Hand_Slaver.dir/Utility/timer/timer.c.obj
 .debug_abbrev  0x0000271c      0x230 CMakeFiles/Hand_Slaver.dir/RTT/SEGGER_RTT.c.obj
 .debug_abbrev  0x0000294c      0x1bc CMakeFiles/Hand_Slaver.dir/RTT/SEGGER_RTT_printf.c.obj
 .debug_abbrev  0x00002b08       0x26 D:/toolchain/arm_none_eabi_gcc/xpack-arm-none-eabi-gcc-13.3.1-1.1/bin/../lib/gcc/arm-none-eabi/13.3.1/thumb/v7-m/nofp\libgcc.a(_arm_mulsf3.o)
 .debug_abbrev  0x00002b2e       0x28 D:/toolchain/arm_none_eabi_gcc/xpack-arm-none-eabi-gcc-13.3.1-1.1/bin/../lib/gcc/arm-none-eabi/13.3.1/thumb/v7-m/nofp\libgcc.a(_arm_addsubsf3.o)
 .debug_abbrev  0x00002b56       0x28 D:/toolchain/arm_none_eabi_gcc/xpack-arm-none-eabi-gcc-13.3.1-1.1/bin/../lib/gcc/arm-none-eabi/13.3.1/thumb/v7-m/nofp\libgcc.a(_arm_cmpsf2.o)
 .debug_abbrev  0x00002b7e       0x28 D:/toolchain/arm_none_eabi_gcc/xpack-arm-none-eabi-gcc-13.3.1-1.1/bin/../lib/gcc/arm-none-eabi/13.3.1/thumb/v7-m/nofp\libgcc.a(_arm_fixsfsi.o)
 .debug_abbrev  0x00002ba6       0x28 D:/toolchain/arm_none_eabi_gcc/xpack-arm-none-eabi-gcc-13.3.1-1.1/bin/../lib/gcc/arm-none-eabi/13.3.1/thumb/v7-m/nofp\libgcc.a(_arm_fixunssfsi.o)

.debug_aranges  0x00000000      0xea8
 .debug_aranges
                0x00000000       0x28 cmake/stm32cubemx/CMakeFiles/STM32_Drivers.dir/__/__/Core/Src/system_stm32f1xx.c.obj
 .debug_aranges
                0x00000028      0x138 cmake/stm32cubemx/CMakeFiles/STM32_Drivers.dir/__/__/Drivers/STM32F1xx_HAL_Driver/Src/stm32f1xx_hal_can.c.obj
 .debug_aranges
                0x00000160       0xe0 cmake/stm32cubemx/CMakeFiles/STM32_Drivers.dir/__/__/Drivers/STM32F1xx_HAL_Driver/Src/stm32f1xx_hal.c.obj
 .debug_aranges
                0x00000240       0x90 cmake/stm32cubemx/CMakeFiles/STM32_Drivers.dir/__/__/Drivers/STM32F1xx_HAL_Driver/Src/stm32f1xx_hal_rcc.c.obj
 .debug_aranges
                0x000002d0       0x58 cmake/stm32cubemx/CMakeFiles/STM32_Drivers.dir/__/__/Drivers/STM32F1xx_HAL_Driver/Src/stm32f1xx_hal_gpio.c.obj
 .debug_aranges
                0x00000328      0x100 cmake/stm32cubemx/CMakeFiles/STM32_Drivers.dir/__/__/Drivers/STM32F1xx_HAL_Driver/Src/stm32f1xx_hal_cortex.c.obj
 .debug_aranges
                0x00000428      0x3d0 cmake/stm32cubemx/CMakeFiles/STM32_Drivers.dir/__/__/Drivers/STM32F1xx_HAL_Driver/Src/stm32f1xx_hal_tim.c.obj
 .debug_aranges
                0x000007f8      0x168 cmake/stm32cubemx/CMakeFiles/STM32_Drivers.dir/__/__/Drivers/STM32F1xx_HAL_Driver/Src/stm32f1xx_hal_tim_ex.c.obj
 .debug_aranges
                0x00000960       0x30 CMakeFiles/Hand_Slaver.dir/Core/Src/main.c.obj
 .debug_aranges
                0x00000990       0x20 CMakeFiles/Hand_Slaver.dir/Core/Src/gpio.c.obj
 .debug_aranges
                0x000009b0       0x30 CMakeFiles/Hand_Slaver.dir/Core/Src/can.c.obj
 .debug_aranges
                0x000009e0       0x78 CMakeFiles/Hand_Slaver.dir/Core/Src/tim.c.obj
 .debug_aranges
                0x00000a58       0x70 CMakeFiles/Hand_Slaver.dir/Core/Src/stm32f1xx_it.c.obj
 .debug_aranges
                0x00000ac8       0x20 CMakeFiles/Hand_Slaver.dir/Core/Src/stm32f1xx_hal_msp.c.obj
 .debug_aranges
                0x00000ae8       0x28 CMakeFiles/Hand_Slaver.dir/startup_stm32f103xe.s.obj
 .debug_aranges
                0x00000b10       0x60 CMakeFiles/Hand_Slaver.dir/Bsp/can/bsp_can.c.obj
 .debug_aranges
                0x00000b70       0x28 CMakeFiles/Hand_Slaver.dir/Bsp/encoder/bsp_encoder.c.obj
 .debug_aranges
                0x00000b98       0x30 CMakeFiles/Hand_Slaver.dir/Bsp/led/bsp_led.c.obj
 .debug_aranges
                0x00000bc8       0x48 CMakeFiles/Hand_Slaver.dir/Bsp/motor/bsp_motor.c.obj
 .debug_aranges
                0x00000c10       0x58 CMakeFiles/Hand_Slaver.dir/Utility/pid/pid.c.obj
 .debug_aranges
                0x00000c68       0x28 CMakeFiles/Hand_Slaver.dir/Utility/timer/timer.c.obj
 .debug_aranges
                0x00000c90      0x138 CMakeFiles/Hand_Slaver.dir/RTT/SEGGER_RTT.c.obj
 .debug_aranges
                0x00000dc8       0x40 CMakeFiles/Hand_Slaver.dir/RTT/SEGGER_RTT_printf.c.obj
 .debug_aranges
                0x00000e08       0x20 D:/toolchain/arm_none_eabi_gcc/xpack-arm-none-eabi-gcc-13.3.1-1.1/bin/../lib/gcc/arm-none-eabi/13.3.1/thumb/v7-m/nofp\libgcc.a(_arm_mulsf3.o)
 .debug_aranges
                0x00000e28       0x20 D:/toolchain/arm_none_eabi_gcc/xpack-arm-none-eabi-gcc-13.3.1-1.1/bin/../lib/gcc/arm-none-eabi/13.3.1/thumb/v7-m/nofp\libgcc.a(_arm_addsubsf3.o)
 .debug_aranges
                0x00000e48       0x20 D:/toolchain/arm_none_eabi_gcc/xpack-arm-none-eabi-gcc-13.3.1-1.1/bin/../lib/gcc/arm-none-eabi/13.3.1/thumb/v7-m/nofp\libgcc.a(_arm_cmpsf2.o)
 .debug_aranges
                0x00000e68       0x20 D:/toolchain/arm_none_eabi_gcc/xpack-arm-none-eabi-gcc-13.3.1-1.1/bin/../lib/gcc/arm-none-eabi/13.3.1/thumb/v7-m/nofp\libgcc.a(_arm_fixsfsi.o)
 .debug_aranges
                0x00000e88       0x20 D:/toolchain/arm_none_eabi_gcc/xpack-arm-none-eabi-gcc-13.3.1-1.1/bin/../lib/gcc/arm-none-eabi/13.3.1/thumb/v7-m/nofp\libgcc.a(_arm_fixunssfsi.o)

.debug_rnglists
                0x00000000      0xabb
 .debug_rnglists
                0x00000000       0x1a cmake/stm32cubemx/CMakeFiles/STM32_Drivers.dir/__/__/Core/Src/system_stm32f1xx.c.obj
 .debug_rnglists
                0x0000001a       0xed cmake/stm32cubemx/CMakeFiles/STM32_Drivers.dir/__/__/Drivers/STM32F1xx_HAL_Driver/Src/stm32f1xx_hal_can.c.obj
 .debug_rnglists
                0x00000107       0xa3 cmake/stm32cubemx/CMakeFiles/STM32_Drivers.dir/__/__/Drivers/STM32F1xx_HAL_Driver/Src/stm32f1xx_hal.c.obj
 .debug_rnglists
                0x000001aa       0x6c cmake/stm32cubemx/CMakeFiles/STM32_Drivers.dir/__/__/Drivers/STM32F1xx_HAL_Driver/Src/stm32f1xx_hal_rcc.c.obj
 .debug_rnglists
                0x00000216       0x3f cmake/stm32cubemx/CMakeFiles/STM32_Drivers.dir/__/__/Drivers/STM32F1xx_HAL_Driver/Src/stm32f1xx_hal_gpio.c.obj
 .debug_rnglists
                0x00000255       0xbb cmake/stm32cubemx/CMakeFiles/STM32_Drivers.dir/__/__/Drivers/STM32F1xx_HAL_Driver/Src/stm32f1xx_hal_cortex.c.obj
 .debug_rnglists
                0x00000310      0x31a cmake/stm32cubemx/CMakeFiles/STM32_Drivers.dir/__/__/Drivers/STM32F1xx_HAL_Driver/Src/stm32f1xx_hal_tim.c.obj
 .debug_rnglists
                0x0000062a      0x125 cmake/stm32cubemx/CMakeFiles/STM32_Drivers.dir/__/__/Drivers/STM32F1xx_HAL_Driver/Src/stm32f1xx_hal_tim_ex.c.obj
 .debug_rnglists
                0x0000074f       0x20 CMakeFiles/Hand_Slaver.dir/Core/Src/main.c.obj
 .debug_rnglists
                0x0000076f       0x14 CMakeFiles/Hand_Slaver.dir/Core/Src/gpio.c.obj
 .debug_rnglists
                0x00000783       0x20 CMakeFiles/Hand_Slaver.dir/Core/Src/can.c.obj
 .debug_rnglists
                0x000007a3       0x60 CMakeFiles/Hand_Slaver.dir/Core/Src/tim.c.obj
 .debug_rnglists
                0x00000803       0x4f CMakeFiles/Hand_Slaver.dir/Core/Src/stm32f1xx_it.c.obj
 .debug_rnglists
                0x00000852       0x13 CMakeFiles/Hand_Slaver.dir/Core/Src/stm32f1xx_hal_msp.c.obj
 .debug_rnglists
                0x00000865       0x19 CMakeFiles/Hand_Slaver.dir/startup_stm32f103xe.s.obj
 .debug_rnglists
                0x0000087e       0x46 CMakeFiles/Hand_Slaver.dir/Bsp/can/bsp_can.c.obj
 .debug_rnglists
                0x000008c4       0x1a CMakeFiles/Hand_Slaver.dir/Bsp/encoder/bsp_encoder.c.obj
 .debug_rnglists
                0x000008de       0x1f CMakeFiles/Hand_Slaver.dir/Bsp/led/bsp_led.c.obj
 .debug_rnglists
                0x000008fd       0x34 CMakeFiles/Hand_Slaver.dir/Bsp/motor/bsp_motor.c.obj
 .debug_rnglists
                0x00000931       0x42 CMakeFiles/Hand_Slaver.dir/Utility/pid/pid.c.obj
 .debug_rnglists
                0x00000973       0x19 CMakeFiles/Hand_Slaver.dir/Utility/timer/timer.c.obj
 .debug_rnglists
                0x0000098c       0xf5 CMakeFiles/Hand_Slaver.dir/RTT/SEGGER_RTT.c.obj
 .debug_rnglists
                0x00000a81       0x3a CMakeFiles/Hand_Slaver.dir/RTT/SEGGER_RTT_printf.c.obj

.debug_macro    0x00000000    0x1b786
 .debug_macro   0x00000000      0x1a3 cmake/stm32cubemx/CMakeFiles/STM32_Drivers.dir/__/__/Core/Src/system_stm32f1xx.c.obj
 .debug_macro   0x000001a3      0xacc cmake/stm32cubemx/CMakeFiles/STM32_Drivers.dir/__/__/Core/Src/system_stm32f1xx.c.obj
 .debug_macro   0x00000c6f       0x2e cmake/stm32cubemx/CMakeFiles/STM32_Drivers.dir/__/__/Core/Src/system_stm32f1xx.c.obj
 .debug_macro   0x00000c9d       0x22 cmake/stm32cubemx/CMakeFiles/STM32_Drivers.dir/__/__/Core/Src/system_stm32f1xx.c.obj
 .debug_macro   0x00000cbf       0x22 cmake/stm32cubemx/CMakeFiles/STM32_Drivers.dir/__/__/Core/Src/system_stm32f1xx.c.obj
 .debug_macro   0x00000ce1       0x8e cmake/stm32cubemx/CMakeFiles/STM32_Drivers.dir/__/__/Core/Src/system_stm32f1xx.c.obj
 .debug_macro   0x00000d6f       0x51 cmake/stm32cubemx/CMakeFiles/STM32_Drivers.dir/__/__/Core/Src/system_stm32f1xx.c.obj
 .debug_macro   0x00000dc0      0x103 cmake/stm32cubemx/CMakeFiles/STM32_Drivers.dir/__/__/Core/Src/system_stm32f1xx.c.obj
 .debug_macro   0x00000ec3       0x6a cmake/stm32cubemx/CMakeFiles/STM32_Drivers.dir/__/__/Core/Src/system_stm32f1xx.c.obj
 .debug_macro   0x00000f2d      0x1df cmake/stm32cubemx/CMakeFiles/STM32_Drivers.dir/__/__/Core/Src/system_stm32f1xx.c.obj
 .debug_macro   0x0000110c       0x1c cmake/stm32cubemx/CMakeFiles/STM32_Drivers.dir/__/__/Core/Src/system_stm32f1xx.c.obj
 .debug_macro   0x00001128       0x22 cmake/stm32cubemx/CMakeFiles/STM32_Drivers.dir/__/__/Core/Src/system_stm32f1xx.c.obj
 .debug_macro   0x0000114a       0xbd cmake/stm32cubemx/CMakeFiles/STM32_Drivers.dir/__/__/Core/Src/system_stm32f1xx.c.obj
 .debug_macro   0x00001207      0xd23 cmake/stm32cubemx/CMakeFiles/STM32_Drivers.dir/__/__/Core/Src/system_stm32f1xx.c.obj
 .debug_macro   0x00001f2a     0xfd8c cmake/stm32cubemx/CMakeFiles/STM32_Drivers.dir/__/__/Core/Src/system_stm32f1xx.c.obj
 .debug_macro   0x00011cb6       0x6d cmake/stm32cubemx/CMakeFiles/STM32_Drivers.dir/__/__/Core/Src/system_stm32f1xx.c.obj
 .debug_macro   0x00011d23      0x21b cmake/stm32cubemx/CMakeFiles/STM32_Drivers.dir/__/__/Core/Src/system_stm32f1xx.c.obj
 .debug_macro   0x00011f3e     0x34a2 cmake/stm32cubemx/CMakeFiles/STM32_Drivers.dir/__/__/Core/Src/system_stm32f1xx.c.obj
 .debug_macro   0x000153e0      0x190 cmake/stm32cubemx/CMakeFiles/STM32_Drivers.dir/__/__/Core/Src/system_stm32f1xx.c.obj
 .debug_macro   0x00015570       0x5c cmake/stm32cubemx/CMakeFiles/STM32_Drivers.dir/__/__/Core/Src/system_stm32f1xx.c.obj
 .debug_macro   0x000155cc      0x5bc cmake/stm32cubemx/CMakeFiles/STM32_Drivers.dir/__/__/Core/Src/system_stm32f1xx.c.obj
 .debug_macro   0x00015b88      0x4d5 cmake/stm32cubemx/CMakeFiles/STM32_Drivers.dir/__/__/Core/Src/system_stm32f1xx.c.obj
 .debug_macro   0x0001605d      0x1cb cmake/stm32cubemx/CMakeFiles/STM32_Drivers.dir/__/__/Core/Src/system_stm32f1xx.c.obj
 .debug_macro   0x00016228      0x114 cmake/stm32cubemx/CMakeFiles/STM32_Drivers.dir/__/__/Core/Src/system_stm32f1xx.c.obj
 .debug_macro   0x0001633c      0x1ea cmake/stm32cubemx/CMakeFiles/STM32_Drivers.dir/__/__/Core/Src/system_stm32f1xx.c.obj
 .debug_macro   0x00016526       0x27 cmake/stm32cubemx/CMakeFiles/STM32_Drivers.dir/__/__/Core/Src/system_stm32f1xx.c.obj
 .debug_macro   0x0001654d      0x144 cmake/stm32cubemx/CMakeFiles/STM32_Drivers.dir/__/__/Core/Src/system_stm32f1xx.c.obj
 .debug_macro   0x00016691      0x1bc cmake/stm32cubemx/CMakeFiles/STM32_Drivers.dir/__/__/Core/Src/system_stm32f1xx.c.obj
 .debug_macro   0x0001684d       0x30 cmake/stm32cubemx/CMakeFiles/STM32_Drivers.dir/__/__/Core/Src/system_stm32f1xx.c.obj
 .debug_macro   0x0001687d       0x3c cmake/stm32cubemx/CMakeFiles/STM32_Drivers.dir/__/__/Core/Src/system_stm32f1xx.c.obj
 .debug_macro   0x000168b9      0x408 cmake/stm32cubemx/CMakeFiles/STM32_Drivers.dir/__/__/Core/Src/system_stm32f1xx.c.obj
 .debug_macro   0x00016cc1       0x57 cmake/stm32cubemx/CMakeFiles/STM32_Drivers.dir/__/__/Core/Src/system_stm32f1xx.c.obj
 .debug_macro   0x00016d18       0x87 cmake/stm32cubemx/CMakeFiles/STM32_Drivers.dir/__/__/Core/Src/system_stm32f1xx.c.obj
 .debug_macro   0x00016d9f      0x24f cmake/stm32cubemx/CMakeFiles/STM32_Drivers.dir/__/__/Core/Src/system_stm32f1xx.c.obj
 .debug_macro   0x00016fee      0x140 cmake/stm32cubemx/CMakeFiles/STM32_Drivers.dir/__/__/Core/Src/system_stm32f1xx.c.obj
 .debug_macro   0x0001712e      0x8ed cmake/stm32cubemx/CMakeFiles/STM32_Drivers.dir/__/__/Core/Src/system_stm32f1xx.c.obj
 .debug_macro   0x00017a1b       0xb5 cmake/stm32cubemx/CMakeFiles/STM32_Drivers.dir/__/__/Core/Src/system_stm32f1xx.c.obj
 .debug_macro   0x00017ad0      0x1b2 cmake/stm32cubemx/CMakeFiles/STM32_Drivers.dir/__/__/Drivers/STM32F1xx_HAL_Driver/Src/stm32f1xx_hal_can.c.obj
 .debug_macro   0x00017c82      0x1c7 cmake/stm32cubemx/CMakeFiles/STM32_Drivers.dir/__/__/Drivers/STM32F1xx_HAL_Driver/Src/stm32f1xx_hal.c.obj
 .debug_macro   0x00017e49      0x1b5 cmake/stm32cubemx/CMakeFiles/STM32_Drivers.dir/__/__/Drivers/STM32F1xx_HAL_Driver/Src/stm32f1xx_hal_rcc.c.obj
 .debug_macro   0x00017ffe      0x20e cmake/stm32cubemx/CMakeFiles/STM32_Drivers.dir/__/__/Drivers/STM32F1xx_HAL_Driver/Src/stm32f1xx_hal_gpio.c.obj
 .debug_macro   0x0001820c      0x1a3 cmake/stm32cubemx/CMakeFiles/STM32_Drivers.dir/__/__/Drivers/STM32F1xx_HAL_Driver/Src/stm32f1xx_hal_cortex.c.obj
 .debug_macro   0x000183af      0x1a4 cmake/stm32cubemx/CMakeFiles/STM32_Drivers.dir/__/__/Drivers/STM32F1xx_HAL_Driver/Src/stm32f1xx_hal_tim.c.obj
 .debug_macro   0x00018553      0x1a3 cmake/stm32cubemx/CMakeFiles/STM32_Drivers.dir/__/__/Drivers/STM32F1xx_HAL_Driver/Src/stm32f1xx_hal_tim_ex.c.obj
 .debug_macro   0x000186f6      0x2fc CMakeFiles/Hand_Slaver.dir/Core/Src/main.c.obj
 .debug_macro   0x000189f2       0x49 CMakeFiles/Hand_Slaver.dir/Core/Src/main.c.obj
 .debug_macro   0x00018a3b       0x35 CMakeFiles/Hand_Slaver.dir/Core/Src/main.c.obj
 .debug_macro   0x00018a70       0x24 CMakeFiles/Hand_Slaver.dir/Core/Src/main.c.obj
 .debug_macro   0x00018a94       0x7b CMakeFiles/Hand_Slaver.dir/Core/Src/main.c.obj
 .debug_macro   0x00018b0f       0x3c CMakeFiles/Hand_Slaver.dir/Core/Src/main.c.obj
 .debug_macro   0x00018b4b       0x34 CMakeFiles/Hand_Slaver.dir/Core/Src/main.c.obj
 .debug_macro   0x00018b7f       0x16 CMakeFiles/Hand_Slaver.dir/Core/Src/main.c.obj
 .debug_macro   0x00018b95       0x3c CMakeFiles/Hand_Slaver.dir/Core/Src/main.c.obj
 .debug_macro   0x00018bd1      0x370 CMakeFiles/Hand_Slaver.dir/Core/Src/main.c.obj
 .debug_macro   0x00018f41       0x16 CMakeFiles/Hand_Slaver.dir/Core/Src/main.c.obj
 .debug_macro   0x00018f57       0x4a CMakeFiles/Hand_Slaver.dir/Core/Src/main.c.obj
 .debug_macro   0x00018fa1       0x34 CMakeFiles/Hand_Slaver.dir/Core/Src/main.c.obj
 .debug_macro   0x00018fd5       0x10 CMakeFiles/Hand_Slaver.dir/Core/Src/main.c.obj
 .debug_macro   0x00018fe5       0x58 CMakeFiles/Hand_Slaver.dir/Core/Src/main.c.obj
 .debug_macro   0x0001903d      0x1e5 CMakeFiles/Hand_Slaver.dir/Core/Src/main.c.obj
 .debug_macro   0x00019222       0x16 CMakeFiles/Hand_Slaver.dir/Core/Src/main.c.obj
 .debug_macro   0x00019238       0x29 CMakeFiles/Hand_Slaver.dir/Core/Src/main.c.obj
 .debug_macro   0x00019261       0x58 CMakeFiles/Hand_Slaver.dir/Core/Src/main.c.obj
 .debug_macro   0x000192b9      0x138 CMakeFiles/Hand_Slaver.dir/Core/Src/main.c.obj
 .debug_macro   0x000193f1       0x22 CMakeFiles/Hand_Slaver.dir/Core/Src/main.c.obj
 .debug_macro   0x00019413       0x10 CMakeFiles/Hand_Slaver.dir/Core/Src/main.c.obj
 .debug_macro   0x00019423       0x10 CMakeFiles/Hand_Slaver.dir/Core/Src/main.c.obj
 .debug_macro   0x00019433       0x1c CMakeFiles/Hand_Slaver.dir/Core/Src/main.c.obj
 .debug_macro   0x0001944f      0x2aa CMakeFiles/Hand_Slaver.dir/Core/Src/gpio.c.obj
 .debug_macro   0x000196f9      0x2aa CMakeFiles/Hand_Slaver.dir/Core/Src/can.c.obj
 .debug_macro   0x000199a3      0x2aa CMakeFiles/Hand_Slaver.dir/Core/Src/tim.c.obj
 .debug_macro   0x00019c4d      0x2aa CMakeFiles/Hand_Slaver.dir/Core/Src/stm32f1xx_it.c.obj
 .debug_macro   0x00019ef7      0x2a0 CMakeFiles/Hand_Slaver.dir/Core/Src/stm32f1xx_hal_msp.c.obj
 .debug_macro   0x0001a197      0x2f3 CMakeFiles/Hand_Slaver.dir/Bsp/can/bsp_can.c.obj
 .debug_macro   0x0001a48a       0x16 CMakeFiles/Hand_Slaver.dir/Bsp/can/bsp_can.c.obj
 .debug_macro   0x0001a4a0      0x2cc CMakeFiles/Hand_Slaver.dir/Bsp/encoder/bsp_encoder.c.obj
 .debug_macro   0x0001a76c       0x16 CMakeFiles/Hand_Slaver.dir/Bsp/encoder/bsp_encoder.c.obj
 .debug_macro   0x0001a782      0x2aa CMakeFiles/Hand_Slaver.dir/Bsp/led/bsp_led.c.obj
 .debug_macro   0x0001aa2c      0x2be CMakeFiles/Hand_Slaver.dir/Bsp/motor/bsp_motor.c.obj
 .debug_macro   0x0001acea      0x2c3 CMakeFiles/Hand_Slaver.dir/Utility/pid/pid.c.obj
 .debug_macro   0x0001afad      0x2ee CMakeFiles/Hand_Slaver.dir/Utility/timer/timer.c.obj
 .debug_macro   0x0001b29b      0x1d4 CMakeFiles/Hand_Slaver.dir/RTT/SEGGER_RTT.c.obj
 .debug_macro   0x0001b46f      0x11c CMakeFiles/Hand_Slaver.dir/RTT/SEGGER_RTT.c.obj
 .debug_macro   0x0001b58b       0x9b CMakeFiles/Hand_Slaver.dir/RTT/SEGGER_RTT.c.obj
 .debug_macro   0x0001b626      0x160 CMakeFiles/Hand_Slaver.dir/RTT/SEGGER_RTT_printf.c.obj

.debug_line     0x00000000    0x10a84
 .debug_line    0x00000000      0x67d cmake/stm32cubemx/CMakeFiles/STM32_Drivers.dir/__/__/Core/Src/system_stm32f1xx.c.obj
 .debug_line    0x0000067d     0x10a7 cmake/stm32cubemx/CMakeFiles/STM32_Drivers.dir/__/__/Drivers/STM32F1xx_HAL_Driver/Src/stm32f1xx_hal_can.c.obj
 .debug_line    0x00001724      0x8ae cmake/stm32cubemx/CMakeFiles/STM32_Drivers.dir/__/__/Drivers/STM32F1xx_HAL_Driver/Src/stm32f1xx_hal.c.obj
 .debug_line    0x00001fd2      0xd67 cmake/stm32cubemx/CMakeFiles/STM32_Drivers.dir/__/__/Drivers/STM32F1xx_HAL_Driver/Src/stm32f1xx_hal_rcc.c.obj
 .debug_line    0x00002d39      0x933 cmake/stm32cubemx/CMakeFiles/STM32_Drivers.dir/__/__/Drivers/STM32F1xx_HAL_Driver/Src/stm32f1xx_hal_gpio.c.obj
 .debug_line    0x0000366c      0xa78 cmake/stm32cubemx/CMakeFiles/STM32_Drivers.dir/__/__/Drivers/STM32F1xx_HAL_Driver/Src/stm32f1xx_hal_cortex.c.obj
 .debug_line    0x000040e4     0x35cc cmake/stm32cubemx/CMakeFiles/STM32_Drivers.dir/__/__/Drivers/STM32F1xx_HAL_Driver/Src/stm32f1xx_hal_tim.c.obj
 .debug_line    0x000076b0     0x17d8 cmake/stm32cubemx/CMakeFiles/STM32_Drivers.dir/__/__/Drivers/STM32F1xx_HAL_Driver/Src/stm32f1xx_hal_tim_ex.c.obj
 .debug_line    0x00008e88      0x90f CMakeFiles/Hand_Slaver.dir/Core/Src/main.c.obj
 .debug_line    0x00009797      0x703 CMakeFiles/Hand_Slaver.dir/Core/Src/gpio.c.obj
 .debug_line    0x00009e9a      0x76e CMakeFiles/Hand_Slaver.dir/Core/Src/can.c.obj
 .debug_line    0x0000a608      0xbd5 CMakeFiles/Hand_Slaver.dir/Core/Src/tim.c.obj
 .debug_line    0x0000b1dd      0x7d2 CMakeFiles/Hand_Slaver.dir/Core/Src/stm32f1xx_it.c.obj
 .debug_line    0x0000b9af      0x6f4 CMakeFiles/Hand_Slaver.dir/Core/Src/stm32f1xx_hal_msp.c.obj
 .debug_line    0x0000c0a3       0x79 CMakeFiles/Hand_Slaver.dir/startup_stm32f103xe.s.obj
 .debug_line    0x0000c11c      0x95f CMakeFiles/Hand_Slaver.dir/Bsp/can/bsp_can.c.obj
 .debug_line    0x0000ca7b      0x7a8 CMakeFiles/Hand_Slaver.dir/Bsp/encoder/bsp_encoder.c.obj
 .debug_line    0x0000d223      0x720 CMakeFiles/Hand_Slaver.dir/Bsp/led/bsp_led.c.obj
 .debug_line    0x0000d943      0x91c CMakeFiles/Hand_Slaver.dir/Bsp/motor/bsp_motor.c.obj
 .debug_line    0x0000e25f      0x96f CMakeFiles/Hand_Slaver.dir/Utility/pid/pid.c.obj
 .debug_line    0x0000ebce      0x868 CMakeFiles/Hand_Slaver.dir/Utility/timer/timer.c.obj
 .debug_line    0x0000f436      0xc6c CMakeFiles/Hand_Slaver.dir/RTT/SEGGER_RTT.c.obj
 .debug_line    0x000100a2      0x6c8 CMakeFiles/Hand_Slaver.dir/RTT/SEGGER_RTT_printf.c.obj
 .debug_line    0x0001076a       0xbd D:/toolchain/arm_none_eabi_gcc/xpack-arm-none-eabi-gcc-13.3.1-1.1/bin/../lib/gcc/arm-none-eabi/13.3.1/thumb/v7-m/nofp\libgcc.a(_arm_mulsf3.o)
 .debug_line    0x00010827      0x103 D:/toolchain/arm_none_eabi_gcc/xpack-arm-none-eabi-gcc-13.3.1-1.1/bin/../lib/gcc/arm-none-eabi/13.3.1/thumb/v7-m/nofp\libgcc.a(_arm_addsubsf3.o)
 .debug_line    0x0001092a       0x9a D:/toolchain/arm_none_eabi_gcc/xpack-arm-none-eabi-gcc-13.3.1-1.1/bin/../lib/gcc/arm-none-eabi/13.3.1/thumb/v7-m/nofp\libgcc.a(_arm_cmpsf2.o)
 .debug_line    0x000109c4       0x62 D:/toolchain/arm_none_eabi_gcc/xpack-arm-none-eabi-gcc-13.3.1-1.1/bin/../lib/gcc/arm-none-eabi/13.3.1/thumb/v7-m/nofp\libgcc.a(_arm_fixsfsi.o)
 .debug_line    0x00010a26       0x5e D:/toolchain/arm_none_eabi_gcc/xpack-arm-none-eabi-gcc-13.3.1-1.1/bin/../lib/gcc/arm-none-eabi/13.3.1/thumb/v7-m/nofp\libgcc.a(_arm_fixunssfsi.o)

.debug_str      0x00000000    0x99f54
 .debug_str     0x00000000    0x99f54 cmake/stm32cubemx/CMakeFiles/STM32_Drivers.dir/__/__/Core/Src/system_stm32f1xx.c.obj
                              0x92015 (size before relaxing)
 .debug_str     0x00099f54    0x9281d cmake/stm32cubemx/CMakeFiles/STM32_Drivers.dir/__/__/Drivers/STM32F1xx_HAL_Driver/Src/stm32f1xx_hal_can.c.obj
 .debug_str     0x00099f54    0x9282c cmake/stm32cubemx/CMakeFiles/STM32_Drivers.dir/__/__/Drivers/STM32F1xx_HAL_Driver/Src/stm32f1xx_hal.c.obj
 .debug_str     0x00099f54    0x92444 cmake/stm32cubemx/CMakeFiles/STM32_Drivers.dir/__/__/Drivers/STM32F1xx_HAL_Driver/Src/stm32f1xx_hal_rcc.c.obj
 .debug_str     0x00099f54    0x9239b cmake/stm32cubemx/CMakeFiles/STM32_Drivers.dir/__/__/Drivers/STM32F1xx_HAL_Driver/Src/stm32f1xx_hal_gpio.c.obj
 .debug_str     0x00099f54    0x92778 cmake/stm32cubemx/CMakeFiles/STM32_Drivers.dir/__/__/Drivers/STM32F1xx_HAL_Driver/Src/stm32f1xx_hal_cortex.c.obj
 .debug_str     0x00099f54    0x93446 cmake/stm32cubemx/CMakeFiles/STM32_Drivers.dir/__/__/Drivers/STM32F1xx_HAL_Driver/Src/stm32f1xx_hal_tim.c.obj
 .debug_str     0x00099f54    0x92c52 cmake/stm32cubemx/CMakeFiles/STM32_Drivers.dir/__/__/Drivers/STM32F1xx_HAL_Driver/Src/stm32f1xx_hal_tim_ex.c.obj
 .debug_str     0x00099f54    0x95c5d CMakeFiles/Hand_Slaver.dir/Core/Src/main.c.obj
 .debug_str     0x00099f54    0x9597d CMakeFiles/Hand_Slaver.dir/Core/Src/gpio.c.obj
 .debug_str     0x00099f54    0x96052 CMakeFiles/Hand_Slaver.dir/Core/Src/can.c.obj
 .debug_str     0x00099f54    0x9666d CMakeFiles/Hand_Slaver.dir/Core/Src/tim.c.obj
 .debug_str     0x00099f54    0x96097 CMakeFiles/Hand_Slaver.dir/Core/Src/stm32f1xx_it.c.obj
 .debug_str     0x00099f54    0x95905 CMakeFiles/Hand_Slaver.dir/Core/Src/stm32f1xx_hal_msp.c.obj
 .debug_str     0x00099f54       0x88 CMakeFiles/Hand_Slaver.dir/startup_stm32f103xe.s.obj
 .debug_str     0x00099f54    0x96144 CMakeFiles/Hand_Slaver.dir/Bsp/can/bsp_can.c.obj
 .debug_str     0x00099f54    0x95f3f CMakeFiles/Hand_Slaver.dir/Bsp/encoder/bsp_encoder.c.obj
 .debug_str     0x00099f54    0x9591c CMakeFiles/Hand_Slaver.dir/Bsp/led/bsp_led.c.obj
 .debug_str     0x00099f54    0x95f26 CMakeFiles/Hand_Slaver.dir/Bsp/motor/bsp_motor.c.obj
 .debug_str     0x00099f54    0x95ad8 CMakeFiles/Hand_Slaver.dir/Utility/pid/pid.c.obj
 .debug_str     0x00099f54    0x95f31 CMakeFiles/Hand_Slaver.dir/Utility/timer/timer.c.obj
 .debug_str     0x00099f54     0x8193 CMakeFiles/Hand_Slaver.dir/RTT/SEGGER_RTT.c.obj
 .debug_str     0x00099f54     0x7b5b CMakeFiles/Hand_Slaver.dir/RTT/SEGGER_RTT_printf.c.obj
 .debug_str     0x00099f54      0x151 D:/toolchain/arm_none_eabi_gcc/xpack-arm-none-eabi-gcc-13.3.1-1.1/bin/../lib/gcc/arm-none-eabi/13.3.1/thumb/v7-m/nofp\libgcc.a(_arm_mulsf3.o)
 .debug_str     0x00099f54      0x1db D:/toolchain/arm_none_eabi_gcc/xpack-arm-none-eabi-gcc-13.3.1-1.1/bin/../lib/gcc/arm-none-eabi/13.3.1/thumb/v7-m/nofp\libgcc.a(_arm_addsubsf3.o)
 .debug_str     0x00099f54      0x1f0 D:/toolchain/arm_none_eabi_gcc/xpack-arm-none-eabi-gcc-13.3.1-1.1/bin/../lib/gcc/arm-none-eabi/13.3.1/thumb/v7-m/nofp\libgcc.a(_arm_cmpsf2.o)
 .debug_str     0x00099f54      0x152 D:/toolchain/arm_none_eabi_gcc/xpack-arm-none-eabi-gcc-13.3.1-1.1/bin/../lib/gcc/arm-none-eabi/13.3.1/thumb/v7-m/nofp\libgcc.a(_arm_fixsfsi.o)
 .debug_str     0x00099f54      0x156 D:/toolchain/arm_none_eabi_gcc/xpack-arm-none-eabi-gcc-13.3.1-1.1/bin/../lib/gcc/arm-none-eabi/13.3.1/thumb/v7-m/nofp\libgcc.a(_arm_fixunssfsi.o)

.debug_frame    0x00000000     0x3920
 .debug_frame   0x00000000       0x58 cmake/stm32cubemx/CMakeFiles/STM32_Drivers.dir/__/__/Core/Src/system_stm32f1xx.c.obj
 .debug_frame   0x00000058      0x5a0 cmake/stm32cubemx/CMakeFiles/STM32_Drivers.dir/__/__/Drivers/STM32F1xx_HAL_Driver/Src/stm32f1xx_hal_can.c.obj
 .debug_frame   0x000005f8      0x334 cmake/stm32cubemx/CMakeFiles/STM32_Drivers.dir/__/__/Drivers/STM32F1xx_HAL_Driver/Src/stm32f1xx_hal.c.obj
 .debug_frame   0x0000092c      0x218 cmake/stm32cubemx/CMakeFiles/STM32_Drivers.dir/__/__/Drivers/STM32F1xx_HAL_Driver/Src/stm32f1xx_hal_rcc.c.obj
 .debug_frame   0x00000b44      0x14c cmake/stm32cubemx/CMakeFiles/STM32_Drivers.dir/__/__/Drivers/STM32F1xx_HAL_Driver/Src/stm32f1xx_hal_gpio.c.obj
 .debug_frame   0x00000c90      0x428 cmake/stm32cubemx/CMakeFiles/STM32_Drivers.dir/__/__/Drivers/STM32F1xx_HAL_Driver/Src/stm32f1xx_hal_cortex.c.obj
 .debug_frame   0x000010b8     0x11b8 cmake/stm32cubemx/CMakeFiles/STM32_Drivers.dir/__/__/Drivers/STM32F1xx_HAL_Driver/Src/stm32f1xx_hal_tim.c.obj
 .debug_frame   0x00002270      0x638 cmake/stm32cubemx/CMakeFiles/STM32_Drivers.dir/__/__/Drivers/STM32F1xx_HAL_Driver/Src/stm32f1xx_hal_tim_ex.c.obj
 .debug_frame   0x000028a8       0x6c CMakeFiles/Hand_Slaver.dir/Core/Src/main.c.obj
 .debug_frame   0x00002914       0x34 CMakeFiles/Hand_Slaver.dir/Core/Src/gpio.c.obj
 .debug_frame   0x00002948       0x74 CMakeFiles/Hand_Slaver.dir/Core/Src/can.c.obj
 .debug_frame   0x000029bc      0x1c0 CMakeFiles/Hand_Slaver.dir/Core/Src/tim.c.obj
 .debug_frame   0x00002b7c      0x13c CMakeFiles/Hand_Slaver.dir/Core/Src/stm32f1xx_it.c.obj
 .debug_frame   0x00002cb8       0x38 CMakeFiles/Hand_Slaver.dir/Core/Src/stm32f1xx_hal_msp.c.obj
 .debug_frame   0x00002cf0      0x15c CMakeFiles/Hand_Slaver.dir/Bsp/can/bsp_can.c.obj
 .debug_frame   0x00002e4c       0x58 CMakeFiles/Hand_Slaver.dir/Bsp/encoder/bsp_encoder.c.obj
 .debug_frame   0x00002ea4       0x64 CMakeFiles/Hand_Slaver.dir/Bsp/led/bsp_led.c.obj
 .debug_frame   0x00002f08       0xf0 CMakeFiles/Hand_Slaver.dir/Bsp/motor/bsp_motor.c.obj
 .debug_frame   0x00002ff8      0x14c CMakeFiles/Hand_Slaver.dir/Utility/pid/pid.c.obj
 .debug_frame   0x00003144       0x50 CMakeFiles/Hand_Slaver.dir/Utility/timer/timer.c.obj
 .debug_frame   0x00003194      0x52c CMakeFiles/Hand_Slaver.dir/RTT/SEGGER_RTT.c.obj
 .debug_frame   0x000036c0       0xe0 CMakeFiles/Hand_Slaver.dir/RTT/SEGGER_RTT_printf.c.obj
 .debug_frame   0x000037a0       0x24 D:/toolchain/arm_none_eabi_gcc/xpack-arm-none-eabi-gcc-13.3.1-1.1/bin/../lib/gcc/arm-none-eabi/13.3.1/thumb/v7-m/nofp\libgcc.a(_arm_mulsf3.o)
 .debug_frame   0x000037c4       0x4c D:/toolchain/arm_none_eabi_gcc/xpack-arm-none-eabi-gcc-13.3.1-1.1/bin/../lib/gcc/arm-none-eabi/13.3.1/thumb/v7-m/nofp\libgcc.a(_arm_addsubsf3.o)
 .debug_frame   0x00003810       0xc8 D:/toolchain/arm_none_eabi_gcc/xpack-arm-none-eabi-gcc-13.3.1-1.1/bin/../lib/gcc/arm-none-eabi/13.3.1/thumb/v7-m/nofp\libgcc.a(_arm_cmpsf2.o)
 .debug_frame   0x000038d8       0x24 D:/toolchain/arm_none_eabi_gcc/xpack-arm-none-eabi-gcc-13.3.1-1.1/bin/../lib/gcc/arm-none-eabi/13.3.1/thumb/v7-m/nofp\libgcc.a(_arm_fixsfsi.o)
 .debug_frame   0x000038fc       0x24 D:/toolchain/arm_none_eabi_gcc/xpack-arm-none-eabi-gcc-13.3.1-1.1/bin/../lib/gcc/arm-none-eabi/13.3.1/thumb/v7-m/nofp\libgcc.a(_arm_fixunssfsi.o)

.debug_line_str
                0x00000000      0x199
 .debug_line_str
                0x00000000      0x199 CMakeFiles/Hand_Slaver.dir/startup_stm32f103xe.s.obj
                                 0x6c (size before relaxing)
 .debug_line_str
                0x00000199      0x12d D:/toolchain/arm_none_eabi_gcc/xpack-arm-none-eabi-gcc-13.3.1-1.1/bin/../lib/gcc/arm-none-eabi/13.3.1/thumb/v7-m/nofp\libgcc.a(_arm_mulsf3.o)
 .debug_line_str
                0x00000199      0x12d D:/toolchain/arm_none_eabi_gcc/xpack-arm-none-eabi-gcc-13.3.1-1.1/bin/../lib/gcc/arm-none-eabi/13.3.1/thumb/v7-m/nofp\libgcc.a(_arm_addsubsf3.o)
 .debug_line_str
                0x00000199      0x12d D:/toolchain/arm_none_eabi_gcc/xpack-arm-none-eabi-gcc-13.3.1-1.1/bin/../lib/gcc/arm-none-eabi/13.3.1/thumb/v7-m/nofp\libgcc.a(_arm_cmpsf2.o)
 .debug_line_str
                0x00000199      0x12d D:/toolchain/arm_none_eabi_gcc/xpack-arm-none-eabi-gcc-13.3.1-1.1/bin/../lib/gcc/arm-none-eabi/13.3.1/thumb/v7-m/nofp\libgcc.a(_arm_fixsfsi.o)
 .debug_line_str
                0x00000199      0x12d D:/toolchain/arm_none_eabi_gcc/xpack-arm-none-eabi-gcc-13.3.1-1.1/bin/../lib/gcc/arm-none-eabi/13.3.1/thumb/v7-m/nofp\libgcc.a(_arm_fixunssfsi.o)
